[2025-Sep-18 21:28:09.714 +02:00][ 9614: 9614][info ] Logging initialized
[2025-Sep-18 21:28:09.714 +02:00][ 9614: 9614][info ] Initializing krisp SDK...
[2025-Sep-18 21:28:09.714 +02:00][ 9614: 9614][info ] DoKrispInitialize
[2025-Sep-18 21:28:10.031 +02:00][ 9614: 9614][warning] Application not signed by Discord, Krisp is not enabled
[2025-Sep-18 21:28:10.031 +02:00][ 9614: 9614][warning] Failed to setup Krisp module, error code: -3
[2025-Sep-18 21:28:10.031 +02:00][ 9614: 9614][info ] Krisp SDK initialized
[2025-Sep-18 22:28:22.226 +02:00][15446:15446][info ] Logging initialized
[2025-Sep-18 22:28:22.226 +02:00][15446:15446][info ] Initializing krisp SDK...
[2025-Sep-18 22:28:22.226 +02:00][15446:15446][info ] DoKrispInitialize
[2025-Sep-18 22:28:22.543 +02:00][15446:15446][warning] Application not signed by Discord, Krisp is not enabled
[2025-Sep-18 22:28:22.543 +02:00][15446:15446][warning] Failed to setup Krisp module, error code: -3
[2025-Sep-18 22:28:22.543 +02:00][15446:15446][info ] Krisp SDK initialized
[2025-Sep-18 22:28:52.457 +02:00][16017:16017][info ] Logging initialized
[2025-Sep-18 22:28:52.457 +02:00][16017:16017][info ] Initializing krisp SDK...
[2025-Sep-18 22:28:52.457 +02:00][16017:16017][info ] DoKrispInitialize
[2025-Sep-18 22:28:52.775 +02:00][16017:16017][warning] Application not signed by Discord, Krisp is not enabled
[2025-Sep-18 22:28:52.775 +02:00][16017:16017][warning] Failed to setup Krisp module, error code: -3
[2025-Sep-18 22:28:52.775 +02:00][16017:16017][info ] Krisp SDK initialized
<<<<<<< HEAD
=======
[2025-Oct-04 17:52:56.283 +02:00][64089:64089][info ] Logging initialized
[2025-Oct-04 17:52:56.283 +02:00][64089:64089][info ] Initializing krisp SDK...
[2025-Oct-04 17:52:56.283 +02:00][64089:64089][info ] DoKrispInitialize
[2025-Oct-04 17:52:56.668 +02:00][64089:64089][warning] Application not signed by Discord, Krisp is not enabled
[2025-Oct-04 17:52:56.668 +02:00][64089:64089][warning] Failed to setup Krisp module, error code: -3
[2025-Oct-04 17:52:56.669 +02:00][64089:64089][info ] Krisp SDK initialized
[2025-Oct-08 20:05:20.823 +02:00][ 2105: 2105][info ] Logging initialized
[2025-Oct-08 20:05:20.823 +02:00][ 2105: 2105][info ] Initializing krisp SDK...
[2025-Oct-08 20:05:20.823 +02:00][ 2105: 2105][info ] DoKrispInitialize
[2025-Oct-08 20:05:21.159 +02:00][ 2105: 2105][warning] Application not signed by Discord, Krisp is not enabled
[2025-Oct-08 20:05:21.159 +02:00][ 2105: 2105][warning] Failed to setup Krisp module, error code: -3
[2025-Oct-08 20:05:21.159 +02:00][ 2105: 2105][info ] Krisp SDK initialized
[2025-Oct-14 00:27:42.684 +02:00][22008:22008][info ] Logging initialized
[2025-Oct-14 00:27:42.685 +02:00][22008:22008][info ] Initializing krisp SDK...
[2025-Oct-14 00:27:42.685 +02:00][22008:22008][info ] DoKrispInitialize
[2025-Oct-14 00:27:43.122 +02:00][22008:22008][warning] Application not signed by Discord, Krisp is not enabled
[2025-Oct-14 00:27:43.122 +02:00][22008:22008][warning] Failed to setup Krisp module, error code: -3
[2025-Oct-14 00:27:43.122 +02:00][22008:22008][info ] Krisp SDK initialized
[2025-Oct-14 00:43:58.882 +02:00][22008:22008][info ] Logging initialized
[2025-Oct-14 00:43:58.882 +02:00][22008:22008][info ] Initializing krisp SDK...
[2025-Oct-14 00:43:58.882 +02:00][22008:22008][warning] Failed to setup Krisp module, error code: -3
[2025-Oct-14 00:43:58.883 +02:00][22008:22008][info ] Krisp SDK initialized
[2025-Oct-15 20:46:39.958 +02:00][ 9330: 9330][info ] Logging initialized
[2025-Oct-15 20:46:39.958 +02:00][ 9330: 9330][info ] Initializing krisp SDK...
[2025-Oct-15 20:46:39.958 +02:00][ 9330: 9330][info ] DoKrispInitialize
[2025-Oct-15 20:46:40.292 +02:00][ 9330: 9330][warning] Application not signed by Discord, Krisp is not enabled
[2025-Oct-15 20:46:40.292 +02:00][ 9330: 9330][warning] Failed to setup Krisp module, error code: -3
[2025-Oct-15 20:46:40.292 +02:00][ 9330: 9330][info ] Krisp SDK initialized
>>>>>>> 5d1a6ea (Backup)
