9/18/2025, 9:27:48 PM GMT+2 [Modules] Modules initializing
9/18/2025, 9:27:48 PM GMT+2 [Modules] Distribution: remote
9/18/2025, 9:27:48 PM GMT+2 [Modules] Host updates: disabled
9/18/2025, 9:27:48 PM GMT+2 [Modules] Module updates: enabled
9/18/2025, 9:27:48 PM GMT+2 [Modules] Module install path: /home/tomast/.config/discord/0.0.98/modules
9/18/2025, 9:27:48 PM GMT+2 [Modules] Module installed file path: /home/tomast/.config/discord/0.0.98/modules/installed.json
9/18/2025, 9:27:48 PM GMT+2 [Modules] Module download path: /home/tomast/.config/discord/0.0.98/modules/pending
9/18/2025, 9:27:48 PM GMT+2 [Modules] Bootstrapping...
9/18/2025, 9:27:48 PM GMT+2 [Modules] Installing discord_desktop_core@0 from /nix/store/xl751j6nviz07kgngffa9wi3agjzwflx-discord-0.0.98/opt/Discord/resources/bootstrap/discord_desktop_core.zip
9/18/2025, 9:27:48 PM GMT+2 [Modules] Failed installing discord_desktop_core@0: Error: ENOENT: no such file or directory, open '/nix/store/xl751j6nviz07kgngffa9wi3agjzwflx-discord-0.0.98/opt/Discord/resources/bootstrap/discord_desktop_core.zip'
9/18/2025, 9:27:48 PM GMT+2 [Modules] Installing discord_erlpack@0 from /nix/store/xl751j6nviz07kgngffa9wi3agjzwflx-discord-0.0.98/opt/Discord/resources/bootstrap/discord_erlpack.zip
9/18/2025, 9:27:48 PM GMT+2 [Modules] Failed installing discord_erlpack@0: Error: ENOENT: no such file or directory, open '/nix/store/xl751j6nviz07kgngffa9wi3agjzwflx-discord-0.0.98/opt/Discord/resources/bootstrap/discord_erlpack.zip'
9/18/2025, 9:27:48 PM GMT+2 [Modules] Installing discord_spellcheck@0 from /nix/store/xl751j6nviz07kgngffa9wi3agjzwflx-discord-0.0.98/opt/Discord/resources/bootstrap/discord_spellcheck.zip
9/18/2025, 9:27:48 PM GMT+2 [Modules] Failed installing discord_spellcheck@0: Error: ENOENT: no such file or directory, open '/nix/store/xl751j6nviz07kgngffa9wi3agjzwflx-discord-0.0.98/opt/Discord/resources/bootstrap/discord_spellcheck.zip'
9/18/2025, 9:27:48 PM GMT+2 [Modules] Installing discord_utils@0 from /nix/store/xl751j6nviz07kgngffa9wi3agjzwflx-discord-0.0.98/opt/Discord/resources/bootstrap/discord_utils.zip
9/18/2025, 9:27:48 PM GMT+2 [Modules] Failed installing discord_utils@0: Error: ENOENT: no such file or directory, open '/nix/store/xl751j6nviz07kgngffa9wi3agjzwflx-discord-0.0.98/opt/Discord/resources/bootstrap/discord_utils.zip'
9/18/2025, 9:27:48 PM GMT+2 [Modules] Installing discord_voice@0 from /nix/store/xl751j6nviz07kgngffa9wi3agjzwflx-discord-0.0.98/opt/Discord/resources/bootstrap/discord_voice.zip
9/18/2025, 9:27:48 PM GMT+2 [Modules] Failed installing discord_voice@0: Error: ENOENT: no such file or directory, open '/nix/store/xl751j6nviz07kgngffa9wi3agjzwflx-discord-0.0.98/opt/Discord/resources/bootstrap/discord_voice.zip'
9/18/2025, 9:27:48 PM GMT+2 [Modules] Installing discord_zstd@0 from /nix/store/xl751j6nviz07kgngffa9wi3agjzwflx-discord-0.0.98/opt/Discord/resources/bootstrap/discord_zstd.zip
9/18/2025, 9:27:48 PM GMT+2 [Modules] Failed installing discord_zstd@0: Error: ENOENT: no such file or directory, open '/nix/store/xl751j6nviz07kgngffa9wi3agjzwflx-discord-0.0.98/opt/Discord/resources/bootstrap/discord_zstd.zip'
9/18/2025, 9:27:48 PM GMT+2 [Modules] Finished module installations. [success: 0] [failure: 6]
9/18/2025, 9:27:48 PM GMT+2 [Modules] Host is up to date.
9/18/2025, 9:27:48 PM GMT+2 [Modules] Checking for module updates at https://discord.com/api/modules/stable/versions.json
9/18/2025, 9:27:48 PM GMT+2 [Modules] Module update available: discord_desktop_core@1 [installed: 0]
9/18/2025, 9:27:48 PM GMT+2 [Modules] Module update available: discord_erlpack@1 [installed: 0]
9/18/2025, 9:27:48 PM GMT+2 [Modules] Module update available: discord_spellcheck@1 [installed: 0]
9/18/2025, 9:27:48 PM GMT+2 [Modules] Module update available: discord_utils@1 [installed: 0]
9/18/2025, 9:27:48 PM GMT+2 [Modules] Module update available: discord_voice@1 [installed: 0]
9/18/2025, 9:27:48 PM GMT+2 [Modules] Module update available: discord_zstd@1 [installed: 0]
9/18/2025, 9:27:48 PM GMT+2 [Modules] Fetching discord_desktop_core@1 from https://discord.com/api/modules/stable/discord_desktop_core/1
9/18/2025, 9:27:48 PM GMT+2 [Modules] Streaming discord_desktop_core@1 to /home/tomast/.config/discord/0.0.98/modules/pending/discord_desktop_core-1.zip
9/18/2025, 9:27:55 PM GMT+2 [Modules] Streaming discord_desktop_core@1 to /home/tomast/.config/discord/0.0.98/modules/pending/discord_desktop_core-1.zip: 1%
9/18/2025, 9:27:55 PM GMT+2 [Modules] Streaming discord_desktop_core@1 to /home/tomast/.config/discord/0.0.98/modules/pending/discord_desktop_core-1.zip: 2%
9/18/2025, 9:27:55 PM GMT+2 [Modules] Streaming discord_desktop_core@1 to /home/tomast/.config/discord/0.0.98/modules/pending/discord_desktop_core-1.zip: 3%
9/18/2025, 9:27:55 PM GMT+2 [Modules] Streaming discord_desktop_core@1 to /home/tomast/.config/discord/0.0.98/modules/pending/discord_desktop_core-1.zip: 6%
9/18/2025, 9:27:55 PM GMT+2 [Modules] Streaming discord_desktop_core@1 to /home/tomast/.config/discord/0.0.98/modules/pending/discord_desktop_core-1.zip: 7%
9/18/2025, 9:27:55 PM GMT+2 [Modules] Streaming discord_desktop_core@1 to /home/tomast/.config/discord/0.0.98/modules/pending/discord_desktop_core-1.zip: 9%
9/18/2025, 9:27:55 PM GMT+2 [Modules] Streaming discord_desktop_core@1 to /home/tomast/.config/discord/0.0.98/modules/pending/discord_desktop_core-1.zip: 12%
9/18/2025, 9:27:55 PM GMT+2 [Modules] Streaming discord_desktop_core@1 to /home/tomast/.config/discord/0.0.98/modules/pending/discord_desktop_core-1.zip: 13%
9/18/2025, 9:27:55 PM GMT+2 [Modules] Streaming discord_desktop_core@1 to /home/tomast/.config/discord/0.0.98/modules/pending/discord_desktop_core-1.zip: 14%
9/18/2025, 9:27:55 PM GMT+2 [Modules] Streaming discord_desktop_core@1 to /home/tomast/.config/discord/0.0.98/modules/pending/discord_desktop_core-1.zip: 17%
9/18/2025, 9:27:55 PM GMT+2 [Modules] Streaming discord_desktop_core@1 to /home/tomast/.config/discord/0.0.98/modules/pending/discord_desktop_core-1.zip: 20%
9/18/2025, 9:27:55 PM GMT+2 [Modules] Streaming discord_desktop_core@1 to /home/tomast/.config/discord/0.0.98/modules/pending/discord_desktop_core-1.zip: 21%
9/18/2025, 9:27:55 PM GMT+2 [Modules] Streaming discord_desktop_core@1 to /home/tomast/.config/discord/0.0.98/modules/pending/discord_desktop_core-1.zip: 22%
9/18/2025, 9:27:55 PM GMT+2 [Modules] Streaming discord_desktop_core@1 to /home/tomast/.config/discord/0.0.98/modules/pending/discord_desktop_core-1.zip: 25%
9/18/2025, 9:27:55 PM GMT+2 [Modules] Streaming discord_desktop_core@1 to /home/tomast/.config/discord/0.0.98/modules/pending/discord_desktop_core-1.zip: 26%
9/18/2025, 9:27:55 PM GMT+2 [Modules] Streaming discord_desktop_core@1 to /home/tomast/.config/discord/0.0.98/modules/pending/discord_desktop_core-1.zip: 31%
9/18/2025, 9:27:55 PM GMT+2 [Modules] Streaming discord_desktop_core@1 to /home/tomast/.config/discord/0.0.98/modules/pending/discord_desktop_core-1.zip: 34%
9/18/2025, 9:27:55 PM GMT+2 [Modules] Streaming discord_desktop_core@1 to /home/tomast/.config/discord/0.0.98/modules/pending/discord_desktop_core-1.zip: 35%
9/18/2025, 9:27:55 PM GMT+2 [Modules] Streaming discord_desktop_core@1 to /home/tomast/.config/discord/0.0.98/modules/pending/discord_desktop_core-1.zip: 38%
9/18/2025, 9:27:55 PM GMT+2 [Modules] Streaming discord_desktop_core@1 to /home/tomast/.config/discord/0.0.98/modules/pending/discord_desktop_core-1.zip: 50%
9/18/2025, 9:27:55 PM GMT+2 [Modules] Streaming discord_desktop_core@1 to /home/tomast/.config/discord/0.0.98/modules/pending/discord_desktop_core-1.zip: 56%
9/18/2025, 9:27:55 PM GMT+2 [Modules] Streaming discord_desktop_core@1 to /home/tomast/.config/discord/0.0.98/modules/pending/discord_desktop_core-1.zip: 73%
9/18/2025, 9:27:55 PM GMT+2 [Modules] Streaming discord_desktop_core@1 to /home/tomast/.config/discord/0.0.98/modules/pending/discord_desktop_core-1.zip: 76%
9/18/2025, 9:27:55 PM GMT+2 [Modules] Streaming discord_desktop_core@1 to /home/tomast/.config/discord/0.0.98/modules/pending/discord_desktop_core-1.zip: 86%
9/18/2025, 9:27:55 PM GMT+2 [Modules] Streaming discord_desktop_core@1 to /home/tomast/.config/discord/0.0.98/modules/pending/discord_desktop_core-1.zip: 89%
9/18/2025, 9:27:55 PM GMT+2 [Modules] Streaming discord_desktop_core@1 to /home/tomast/.config/discord/0.0.98/modules/pending/discord_desktop_core-1.zip: 90%
9/18/2025, 9:27:55 PM GMT+2 [Modules] Streaming discord_desktop_core@1 to /home/tomast/.config/discord/0.0.98/modules/pending/discord_desktop_core-1.zip: 99%
9/18/2025, 9:27:55 PM GMT+2 [Modules] Streaming discord_desktop_core@1 to /home/tomast/.config/discord/0.0.98/modules/pending/discord_desktop_core-1.zip: 100%
9/18/2025, 9:27:55 PM GMT+2 [Modules] Fetching discord_erlpack@1 from https://discord.com/api/modules/stable/discord_erlpack/1
9/18/2025, 9:27:55 PM GMT+2 [Modules] Streaming discord_erlpack@1 to /home/tomast/.config/discord/0.0.98/modules/pending/discord_erlpack-1.zip
9/18/2025, 9:27:58 PM GMT+2 [Modules] Streaming discord_erlpack@1 to /home/tomast/.config/discord/0.0.98/modules/pending/discord_erlpack-1.zip: 7%
9/18/2025, 9:27:58 PM GMT+2 [Modules] Streaming discord_erlpack@1 to /home/tomast/.config/discord/0.0.98/modules/pending/discord_erlpack-1.zip: 10%
9/18/2025, 9:27:58 PM GMT+2 [Modules] Streaming discord_erlpack@1 to /home/tomast/.config/discord/0.0.98/modules/pending/discord_erlpack-1.zip: 21%
9/18/2025, 9:27:58 PM GMT+2 [Modules] Streaming discord_erlpack@1 to /home/tomast/.config/discord/0.0.98/modules/pending/discord_erlpack-1.zip: 23%
9/18/2025, 9:27:58 PM GMT+2 [Modules] Streaming discord_erlpack@1 to /home/tomast/.config/discord/0.0.98/modules/pending/discord_erlpack-1.zip: 26%
9/18/2025, 9:27:58 PM GMT+2 [Modules] Streaming discord_erlpack@1 to /home/tomast/.config/discord/0.0.98/modules/pending/discord_erlpack-1.zip: 36%
9/18/2025, 9:27:58 PM GMT+2 [Modules] Streaming discord_erlpack@1 to /home/tomast/.config/discord/0.0.98/modules/pending/discord_erlpack-1.zip: 44%
9/18/2025, 9:27:58 PM GMT+2 [Modules] Streaming discord_erlpack@1 to /home/tomast/.config/discord/0.0.98/modules/pending/discord_erlpack-1.zip: 49%
9/18/2025, 9:27:58 PM GMT+2 [Modules] Streaming discord_erlpack@1 to /home/tomast/.config/discord/0.0.98/modules/pending/discord_erlpack-1.zip: 50%
9/18/2025, 9:27:58 PM GMT+2 [Modules] Streaming discord_erlpack@1 to /home/tomast/.config/discord/0.0.98/modules/pending/discord_erlpack-1.zip: 55%
9/18/2025, 9:27:58 PM GMT+2 [Modules] Streaming discord_erlpack@1 to /home/tomast/.config/discord/0.0.98/modules/pending/discord_erlpack-1.zip: 56%
9/18/2025, 9:27:58 PM GMT+2 [Modules] Streaming discord_erlpack@1 to /home/tomast/.config/discord/0.0.98/modules/pending/discord_erlpack-1.zip: 59%
9/18/2025, 9:27:58 PM GMT+2 [Modules] Streaming discord_erlpack@1 to /home/tomast/.config/discord/0.0.98/modules/pending/discord_erlpack-1.zip: 86%
9/18/2025, 9:27:58 PM GMT+2 [Modules] Streaming discord_erlpack@1 to /home/tomast/.config/discord/0.0.98/modules/pending/discord_erlpack-1.zip: 93%
9/18/2025, 9:27:58 PM GMT+2 [Modules] Streaming discord_erlpack@1 to /home/tomast/.config/discord/0.0.98/modules/pending/discord_erlpack-1.zip: 100%
9/18/2025, 9:27:58 PM GMT+2 [Modules] Fetching discord_spellcheck@1 from https://discord.com/api/modules/stable/discord_spellcheck/1
9/18/2025, 9:27:58 PM GMT+2 [Modules] Streaming discord_spellcheck@1 to /home/tomast/.config/discord/0.0.98/modules/pending/discord_spellcheck-1.zip
9/18/2025, 9:27:59 PM GMT+2 [Modules] Streaming discord_spellcheck@1 to /home/tomast/.config/discord/0.0.98/modules/pending/discord_spellcheck-1.zip: 1%
9/18/2025, 9:27:59 PM GMT+2 [Modules] Streaming discord_spellcheck@1 to /home/tomast/.config/discord/0.0.98/modules/pending/discord_spellcheck-1.zip: 2%
9/18/2025, 9:27:59 PM GMT+2 [Modules] Streaming discord_spellcheck@1 to /home/tomast/.config/discord/0.0.98/modules/pending/discord_spellcheck-1.zip: 3%
9/18/2025, 9:27:59 PM GMT+2 [Modules] Streaming discord_spellcheck@1 to /home/tomast/.config/discord/0.0.98/modules/pending/discord_spellcheck-1.zip: 4%
9/18/2025, 9:27:59 PM GMT+2 [Modules] Streaming discord_spellcheck@1 to /home/tomast/.config/discord/0.0.98/modules/pending/discord_spellcheck-1.zip: 5%
9/18/2025, 9:27:59 PM GMT+2 [Modules] Streaming discord_spellcheck@1 to /home/tomast/.config/discord/0.0.98/modules/pending/discord_spellcheck-1.zip: 6%
9/18/2025, 9:27:59 PM GMT+2 [Modules] Streaming discord_spellcheck@1 to /home/tomast/.config/discord/0.0.98/modules/pending/discord_spellcheck-1.zip: 7%
9/18/2025, 9:27:59 PM GMT+2 [Modules] Streaming discord_spellcheck@1 to /home/tomast/.config/discord/0.0.98/modules/pending/discord_spellcheck-1.zip: 8%
9/18/2025, 9:27:59 PM GMT+2 [Modules] Streaming discord_spellcheck@1 to /home/tomast/.config/discord/0.0.98/modules/pending/discord_spellcheck-1.zip: 9%
9/18/2025, 9:27:59 PM GMT+2 [Modules] Streaming discord_spellcheck@1 to /home/tomast/.config/discord/0.0.98/modules/pending/discord_spellcheck-1.zip: 10%
9/18/2025, 9:27:59 PM GMT+2 [Modules] Streaming discord_spellcheck@1 to /home/tomast/.config/discord/0.0.98/modules/pending/discord_spellcheck-1.zip: 11%
9/18/2025, 9:27:59 PM GMT+2 [Modules] Streaming discord_spellcheck@1 to /home/tomast/.config/discord/0.0.98/modules/pending/discord_spellcheck-1.zip: 12%
9/18/2025, 9:27:59 PM GMT+2 [Modules] Streaming discord_spellcheck@1 to /home/tomast/.config/discord/0.0.98/modules/pending/discord_spellcheck-1.zip: 13%
9/18/2025, 9:27:59 PM GMT+2 [Modules] Streaming discord_spellcheck@1 to /home/tomast/.config/discord/0.0.98/modules/pending/discord_spellcheck-1.zip: 14%
9/18/2025, 9:27:59 PM GMT+2 [Modules] Streaming discord_spellcheck@1 to /home/tomast/.config/discord/0.0.98/modules/pending/discord_spellcheck-1.zip: 15%
9/18/2025, 9:27:59 PM GMT+2 [Modules] Streaming discord_spellcheck@1 to /home/tomast/.config/discord/0.0.98/modules/pending/discord_spellcheck-1.zip: 18%
9/18/2025, 9:27:59 PM GMT+2 [Modules] Streaming discord_spellcheck@1 to /home/tomast/.config/discord/0.0.98/modules/pending/discord_spellcheck-1.zip: 19%
9/18/2025, 9:27:59 PM GMT+2 [Modules] Streaming discord_spellcheck@1 to /home/tomast/.config/discord/0.0.98/modules/pending/discord_spellcheck-1.zip: 20%
9/18/2025, 9:27:59 PM GMT+2 [Modules] Streaming discord_spellcheck@1 to /home/tomast/.config/discord/0.0.98/modules/pending/discord_spellcheck-1.zip: 21%
9/18/2025, 9:27:59 PM GMT+2 [Modules] Streaming discord_spellcheck@1 to /home/tomast/.config/discord/0.0.98/modules/pending/discord_spellcheck-1.zip: 22%
9/18/2025, 9:27:59 PM GMT+2 [Modules] Streaming discord_spellcheck@1 to /home/tomast/.config/discord/0.0.98/modules/pending/discord_spellcheck-1.zip: 23%
9/18/2025, 9:27:59 PM GMT+2 [Modules] Streaming discord_spellcheck@1 to /home/tomast/.config/discord/0.0.98/modules/pending/discord_spellcheck-1.zip: 24%
9/18/2025, 9:27:59 PM GMT+2 [Modules] Streaming discord_spellcheck@1 to /home/tomast/.config/discord/0.0.98/modules/pending/discord_spellcheck-1.zip: 25%
9/18/2025, 9:27:59 PM GMT+2 [Modules] Streaming discord_spellcheck@1 to /home/tomast/.config/discord/0.0.98/modules/pending/discord_spellcheck-1.zip: 26%
9/18/2025, 9:27:59 PM GMT+2 [Modules] Streaming discord_spellcheck@1 to /home/tomast/.config/discord/0.0.98/modules/pending/discord_spellcheck-1.zip: 27%
9/18/2025, 9:27:59 PM GMT+2 [Modules] Streaming discord_spellcheck@1 to /home/tomast/.config/discord/0.0.98/modules/pending/discord_spellcheck-1.zip: 33%
9/18/2025, 9:27:59 PM GMT+2 [Modules] Streaming discord_spellcheck@1 to /home/tomast/.config/discord/0.0.98/modules/pending/discord_spellcheck-1.zip: 34%
9/18/2025, 9:27:59 PM GMT+2 [Modules] Streaming discord_spellcheck@1 to /home/tomast/.config/discord/0.0.98/modules/pending/discord_spellcheck-1.zip: 35%
9/18/2025, 9:27:59 PM GMT+2 [Modules] Streaming discord_spellcheck@1 to /home/tomast/.config/discord/0.0.98/modules/pending/discord_spellcheck-1.zip: 36%
9/18/2025, 9:27:59 PM GMT+2 [Modules] Streaming discord_spellcheck@1 to /home/tomast/.config/discord/0.0.98/modules/pending/discord_spellcheck-1.zip: 37%
9/18/2025, 9:27:59 PM GMT+2 [Modules] Streaming discord_spellcheck@1 to /home/tomast/.config/discord/0.0.98/modules/pending/discord_spellcheck-1.zip: 38%
9/18/2025, 9:27:59 PM GMT+2 [Modules] Streaming discord_spellcheck@1 to /home/tomast/.config/discord/0.0.98/modules/pending/discord_spellcheck-1.zip: 39%
9/18/2025, 9:27:59 PM GMT+2 [Modules] Streaming discord_spellcheck@1 to /home/tomast/.config/discord/0.0.98/modules/pending/discord_spellcheck-1.zip: 41%
9/18/2025, 9:27:59 PM GMT+2 [Modules] Streaming discord_spellcheck@1 to /home/tomast/.config/discord/0.0.98/modules/pending/discord_spellcheck-1.zip: 44%
9/18/2025, 9:27:59 PM GMT+2 [Modules] Streaming discord_spellcheck@1 to /home/tomast/.config/discord/0.0.98/modules/pending/discord_spellcheck-1.zip: 45%
9/18/2025, 9:27:59 PM GMT+2 [Modules] Streaming discord_spellcheck@1 to /home/tomast/.config/discord/0.0.98/modules/pending/discord_spellcheck-1.zip: 46%
9/18/2025, 9:27:59 PM GMT+2 [Modules] Streaming discord_spellcheck@1 to /home/tomast/.config/discord/0.0.98/modules/pending/discord_spellcheck-1.zip: 47%
9/18/2025, 9:27:59 PM GMT+2 [Modules] Streaming discord_spellcheck@1 to /home/tomast/.config/discord/0.0.98/modules/pending/discord_spellcheck-1.zip: 48%
9/18/2025, 9:27:59 PM GMT+2 [Modules] Streaming discord_spellcheck@1 to /home/tomast/.config/discord/0.0.98/modules/pending/discord_spellcheck-1.zip: 49%
9/18/2025, 9:27:59 PM GMT+2 [Modules] Streaming discord_spellcheck@1 to /home/tomast/.config/discord/0.0.98/modules/pending/discord_spellcheck-1.zip: 50%
9/18/2025, 9:27:59 PM GMT+2 [Modules] Streaming discord_spellcheck@1 to /home/tomast/.config/discord/0.0.98/modules/pending/discord_spellcheck-1.zip: 52%
9/18/2025, 9:27:59 PM GMT+2 [Modules] Streaming discord_spellcheck@1 to /home/tomast/.config/discord/0.0.98/modules/pending/discord_spellcheck-1.zip: 56%
9/18/2025, 9:27:59 PM GMT+2 [Modules] Streaming discord_spellcheck@1 to /home/tomast/.config/discord/0.0.98/modules/pending/discord_spellcheck-1.zip: 57%
9/18/2025, 9:27:59 PM GMT+2 [Modules] Streaming discord_spellcheck@1 to /home/tomast/.config/discord/0.0.98/modules/pending/discord_spellcheck-1.zip: 60%
9/18/2025, 9:27:59 PM GMT+2 [Modules] Streaming discord_spellcheck@1 to /home/tomast/.config/discord/0.0.98/modules/pending/discord_spellcheck-1.zip: 62%
9/18/2025, 9:27:59 PM GMT+2 [Modules] Streaming discord_spellcheck@1 to /home/tomast/.config/discord/0.0.98/modules/pending/discord_spellcheck-1.zip: 65%
9/18/2025, 9:27:59 PM GMT+2 [Modules] Streaming discord_spellcheck@1 to /home/tomast/.config/discord/0.0.98/modules/pending/discord_spellcheck-1.zip: 66%
9/18/2025, 9:27:59 PM GMT+2 [Modules] Streaming discord_spellcheck@1 to /home/tomast/.config/discord/0.0.98/modules/pending/discord_spellcheck-1.zip: 67%
9/18/2025, 9:27:59 PM GMT+2 [Modules] Streaming discord_spellcheck@1 to /home/tomast/.config/discord/0.0.98/modules/pending/discord_spellcheck-1.zip: 68%
9/18/2025, 9:27:59 PM GMT+2 [Modules] Streaming discord_spellcheck@1 to /home/tomast/.config/discord/0.0.98/modules/pending/discord_spellcheck-1.zip: 69%
9/18/2025, 9:27:59 PM GMT+2 [Modules] Streaming discord_spellcheck@1 to /home/tomast/.config/discord/0.0.98/modules/pending/discord_spellcheck-1.zip: 70%
9/18/2025, 9:27:59 PM GMT+2 [Modules] Streaming discord_spellcheck@1 to /home/tomast/.config/discord/0.0.98/modules/pending/discord_spellcheck-1.zip: 71%
9/18/2025, 9:27:59 PM GMT+2 [Modules] Streaming discord_spellcheck@1 to /home/tomast/.config/discord/0.0.98/modules/pending/discord_spellcheck-1.zip: 72%
9/18/2025, 9:27:59 PM GMT+2 [Modules] Streaming discord_spellcheck@1 to /home/tomast/.config/discord/0.0.98/modules/pending/discord_spellcheck-1.zip: 73%
9/18/2025, 9:27:59 PM GMT+2 [Modules] Streaming discord_spellcheck@1 to /home/tomast/.config/discord/0.0.98/modules/pending/discord_spellcheck-1.zip: 74%
9/18/2025, 9:27:59 PM GMT+2 [Modules] Streaming discord_spellcheck@1 to /home/tomast/.config/discord/0.0.98/modules/pending/discord_spellcheck-1.zip: 75%
9/18/2025, 9:27:59 PM GMT+2 [Modules] Streaming discord_spellcheck@1 to /home/tomast/.config/discord/0.0.98/modules/pending/discord_spellcheck-1.zip: 76%
9/18/2025, 9:27:59 PM GMT+2 [Modules] Streaming discord_spellcheck@1 to /home/tomast/.config/discord/0.0.98/modules/pending/discord_spellcheck-1.zip: 77%
9/18/2025, 9:27:59 PM GMT+2 [Modules] Streaming discord_spellcheck@1 to /home/tomast/.config/discord/0.0.98/modules/pending/discord_spellcheck-1.zip: 78%
9/18/2025, 9:27:59 PM GMT+2 [Modules] Streaming discord_spellcheck@1 to /home/tomast/.config/discord/0.0.98/modules/pending/discord_spellcheck-1.zip: 79%
9/18/2025, 9:27:59 PM GMT+2 [Modules] Streaming discord_spellcheck@1 to /home/tomast/.config/discord/0.0.98/modules/pending/discord_spellcheck-1.zip: 80%
9/18/2025, 9:27:59 PM GMT+2 [Modules] Streaming discord_spellcheck@1 to /home/tomast/.config/discord/0.0.98/modules/pending/discord_spellcheck-1.zip: 81%
9/18/2025, 9:27:59 PM GMT+2 [Modules] Streaming discord_spellcheck@1 to /home/tomast/.config/discord/0.0.98/modules/pending/discord_spellcheck-1.zip: 82%
9/18/2025, 9:28:00 PM GMT+2 [Modules] Streaming discord_spellcheck@1 to /home/tomast/.config/discord/0.0.98/modules/pending/discord_spellcheck-1.zip: 83%
9/18/2025, 9:28:00 PM GMT+2 [Modules] Streaming discord_spellcheck@1 to /home/tomast/.config/discord/0.0.98/modules/pending/discord_spellcheck-1.zip: 84%
9/18/2025, 9:28:00 PM GMT+2 [Modules] Streaming discord_spellcheck@1 to /home/tomast/.config/discord/0.0.98/modules/pending/discord_spellcheck-1.zip: 85%
9/18/2025, 9:28:00 PM GMT+2 [Modules] Streaming discord_spellcheck@1 to /home/tomast/.config/discord/0.0.98/modules/pending/discord_spellcheck-1.zip: 86%
9/18/2025, 9:28:00 PM GMT+2 [Modules] Streaming discord_spellcheck@1 to /home/tomast/.config/discord/0.0.98/modules/pending/discord_spellcheck-1.zip: 87%
9/18/2025, 9:28:00 PM GMT+2 [Modules] Streaming discord_spellcheck@1 to /home/tomast/.config/discord/0.0.98/modules/pending/discord_spellcheck-1.zip: 88%
9/18/2025, 9:28:00 PM GMT+2 [Modules] Streaming discord_spellcheck@1 to /home/tomast/.config/discord/0.0.98/modules/pending/discord_spellcheck-1.zip: 89%
9/18/2025, 9:28:00 PM GMT+2 [Modules] Streaming discord_spellcheck@1 to /home/tomast/.config/discord/0.0.98/modules/pending/discord_spellcheck-1.zip: 90%
9/18/2025, 9:28:00 PM GMT+2 [Modules] Streaming discord_spellcheck@1 to /home/tomast/.config/discord/0.0.98/modules/pending/discord_spellcheck-1.zip: 91%
9/18/2025, 9:28:00 PM GMT+2 [Modules] Streaming discord_spellcheck@1 to /home/tomast/.config/discord/0.0.98/modules/pending/discord_spellcheck-1.zip: 92%
9/18/2025, 9:28:00 PM GMT+2 [Modules] Streaming discord_spellcheck@1 to /home/tomast/.config/discord/0.0.98/modules/pending/discord_spellcheck-1.zip: 93%
9/18/2025, 9:28:00 PM GMT+2 [Modules] Streaming discord_spellcheck@1 to /home/tomast/.config/discord/0.0.98/modules/pending/discord_spellcheck-1.zip: 94%
9/18/2025, 9:28:00 PM GMT+2 [Modules] Streaming discord_spellcheck@1 to /home/tomast/.config/discord/0.0.98/modules/pending/discord_spellcheck-1.zip: 95%
9/18/2025, 9:28:00 PM GMT+2 [Modules] Streaming discord_spellcheck@1 to /home/tomast/.config/discord/0.0.98/modules/pending/discord_spellcheck-1.zip: 96%
9/18/2025, 9:28:00 PM GMT+2 [Modules] Streaming discord_spellcheck@1 to /home/tomast/.config/discord/0.0.98/modules/pending/discord_spellcheck-1.zip: 97%
9/18/2025, 9:28:00 PM GMT+2 [Modules] Streaming discord_spellcheck@1 to /home/tomast/.config/discord/0.0.98/modules/pending/discord_spellcheck-1.zip: 98%
9/18/2025, 9:28:00 PM GMT+2 [Modules] Streaming discord_spellcheck@1 to /home/tomast/.config/discord/0.0.98/modules/pending/discord_spellcheck-1.zip: 99%
9/18/2025, 9:28:00 PM GMT+2 [Modules] Streaming discord_spellcheck@1 to /home/tomast/.config/discord/0.0.98/modules/pending/discord_spellcheck-1.zip: 100%
9/18/2025, 9:28:00 PM GMT+2 [Modules] Fetching discord_utils@1 from https://discord.com/api/modules/stable/discord_utils/1
9/18/2025, 9:28:00 PM GMT+2 [Modules] Streaming discord_utils@1 to /home/tomast/.config/discord/0.0.98/modules/pending/discord_utils-1.zip
9/18/2025, 9:28:00 PM GMT+2 [Modules] Streaming discord_utils@1 to /home/tomast/.config/discord/0.0.98/modules/pending/discord_utils-1.zip: 2%
9/18/2025, 9:28:00 PM GMT+2 [Modules] Streaming discord_utils@1 to /home/tomast/.config/discord/0.0.98/modules/pending/discord_utils-1.zip: 3%
9/18/2025, 9:28:00 PM GMT+2 [Modules] Streaming discord_utils@1 to /home/tomast/.config/discord/0.0.98/modules/pending/discord_utils-1.zip: 4%
9/18/2025, 9:28:00 PM GMT+2 [Modules] Streaming discord_utils@1 to /home/tomast/.config/discord/0.0.98/modules/pending/discord_utils-1.zip: 5%
9/18/2025, 9:28:00 PM GMT+2 [Modules] Streaming discord_utils@1 to /home/tomast/.config/discord/0.0.98/modules/pending/discord_utils-1.zip: 6%
9/18/2025, 9:28:00 PM GMT+2 [Modules] Streaming discord_utils@1 to /home/tomast/.config/discord/0.0.98/modules/pending/discord_utils-1.zip: 7%
9/18/2025, 9:28:00 PM GMT+2 [Modules] Streaming discord_utils@1 to /home/tomast/.config/discord/0.0.98/modules/pending/discord_utils-1.zip: 8%
9/18/2025, 9:28:00 PM GMT+2 [Modules] Streaming discord_utils@1 to /home/tomast/.config/discord/0.0.98/modules/pending/discord_utils-1.zip: 9%
9/18/2025, 9:28:00 PM GMT+2 [Modules] Streaming discord_utils@1 to /home/tomast/.config/discord/0.0.98/modules/pending/discord_utils-1.zip: 10%
9/18/2025, 9:28:00 PM GMT+2 [Modules] Streaming discord_utils@1 to /home/tomast/.config/discord/0.0.98/modules/pending/discord_utils-1.zip: 11%
9/18/2025, 9:28:00 PM GMT+2 [Modules] Streaming discord_utils@1 to /home/tomast/.config/discord/0.0.98/modules/pending/discord_utils-1.zip: 12%
9/18/2025, 9:28:00 PM GMT+2 [Modules] Streaming discord_utils@1 to /home/tomast/.config/discord/0.0.98/modules/pending/discord_utils-1.zip: 13%
9/18/2025, 9:28:00 PM GMT+2 [Modules] Streaming discord_utils@1 to /home/tomast/.config/discord/0.0.98/modules/pending/discord_utils-1.zip: 14%
9/18/2025, 9:28:00 PM GMT+2 [Modules] Streaming discord_utils@1 to /home/tomast/.config/discord/0.0.98/modules/pending/discord_utils-1.zip: 15%
9/18/2025, 9:28:00 PM GMT+2 [Modules] Streaming discord_utils@1 to /home/tomast/.config/discord/0.0.98/modules/pending/discord_utils-1.zip: 16%
9/18/2025, 9:28:00 PM GMT+2 [Modules] Streaming discord_utils@1 to /home/tomast/.config/discord/0.0.98/modules/pending/discord_utils-1.zip: 18%
9/18/2025, 9:28:00 PM GMT+2 [Modules] Streaming discord_utils@1 to /home/tomast/.config/discord/0.0.98/modules/pending/discord_utils-1.zip: 19%
9/18/2025, 9:28:00 PM GMT+2 [Modules] Streaming discord_utils@1 to /home/tomast/.config/discord/0.0.98/modules/pending/discord_utils-1.zip: 20%
9/18/2025, 9:28:00 PM GMT+2 [Modules] Streaming discord_utils@1 to /home/tomast/.config/discord/0.0.98/modules/pending/discord_utils-1.zip: 21%
9/18/2025, 9:28:00 PM GMT+2 [Modules] Streaming discord_utils@1 to /home/tomast/.config/discord/0.0.98/modules/pending/discord_utils-1.zip: 22%
9/18/2025, 9:28:00 PM GMT+2 [Modules] Streaming discord_utils@1 to /home/tomast/.config/discord/0.0.98/modules/pending/discord_utils-1.zip: 23%
9/18/2025, 9:28:00 PM GMT+2 [Modules] Streaming discord_utils@1 to /home/tomast/.config/discord/0.0.98/modules/pending/discord_utils-1.zip: 24%
9/18/2025, 9:28:00 PM GMT+2 [Modules] Streaming discord_utils@1 to /home/tomast/.config/discord/0.0.98/modules/pending/discord_utils-1.zip: 25%
9/18/2025, 9:28:00 PM GMT+2 [Modules] Streaming discord_utils@1 to /home/tomast/.config/discord/0.0.98/modules/pending/discord_utils-1.zip: 26%
9/18/2025, 9:28:00 PM GMT+2 [Modules] Streaming discord_utils@1 to /home/tomast/.config/discord/0.0.98/modules/pending/discord_utils-1.zip: 27%
9/18/2025, 9:28:00 PM GMT+2 [Modules] Streaming discord_utils@1 to /home/tomast/.config/discord/0.0.98/modules/pending/discord_utils-1.zip: 28%
9/18/2025, 9:28:01 PM GMT+2 [Modules] Streaming discord_utils@1 to /home/tomast/.config/discord/0.0.98/modules/pending/discord_utils-1.zip: 29%
9/18/2025, 9:28:01 PM GMT+2 [Modules] Streaming discord_utils@1 to /home/tomast/.config/discord/0.0.98/modules/pending/discord_utils-1.zip: 30%
9/18/2025, 9:28:01 PM GMT+2 [Modules] Streaming discord_utils@1 to /home/tomast/.config/discord/0.0.98/modules/pending/discord_utils-1.zip: 31%
9/18/2025, 9:28:01 PM GMT+2 [Modules] Streaming discord_utils@1 to /home/tomast/.config/discord/0.0.98/modules/pending/discord_utils-1.zip: 32%
9/18/2025, 9:28:01 PM GMT+2 [Modules] Streaming discord_utils@1 to /home/tomast/.config/discord/0.0.98/modules/pending/discord_utils-1.zip: 33%
9/18/2025, 9:28:01 PM GMT+2 [Modules] Streaming discord_utils@1 to /home/tomast/.config/discord/0.0.98/modules/pending/discord_utils-1.zip: 34%
9/18/2025, 9:28:01 PM GMT+2 [Modules] Streaming discord_utils@1 to /home/tomast/.config/discord/0.0.98/modules/pending/discord_utils-1.zip: 35%
9/18/2025, 9:28:01 PM GMT+2 [Modules] Streaming discord_utils@1 to /home/tomast/.config/discord/0.0.98/modules/pending/discord_utils-1.zip: 36%
9/18/2025, 9:28:01 PM GMT+2 [Modules] Streaming discord_utils@1 to /home/tomast/.config/discord/0.0.98/modules/pending/discord_utils-1.zip: 37%
9/18/2025, 9:28:01 PM GMT+2 [Modules] Streaming discord_utils@1 to /home/tomast/.config/discord/0.0.98/modules/pending/discord_utils-1.zip: 38%
9/18/2025, 9:28:01 PM GMT+2 [Modules] Streaming discord_utils@1 to /home/tomast/.config/discord/0.0.98/modules/pending/discord_utils-1.zip: 39%
9/18/2025, 9:28:01 PM GMT+2 [Modules] Streaming discord_utils@1 to /home/tomast/.config/discord/0.0.98/modules/pending/discord_utils-1.zip: 40%
9/18/2025, 9:28:01 PM GMT+2 [Modules] Streaming discord_utils@1 to /home/tomast/.config/discord/0.0.98/modules/pending/discord_utils-1.zip: 41%
9/18/2025, 9:28:01 PM GMT+2 [Modules] Streaming discord_utils@1 to /home/tomast/.config/discord/0.0.98/modules/pending/discord_utils-1.zip: 42%
9/18/2025, 9:28:01 PM GMT+2 [Modules] Streaming discord_utils@1 to /home/tomast/.config/discord/0.0.98/modules/pending/discord_utils-1.zip: 43%
9/18/2025, 9:28:01 PM GMT+2 [Modules] Streaming discord_utils@1 to /home/tomast/.config/discord/0.0.98/modules/pending/discord_utils-1.zip: 44%
9/18/2025, 9:28:01 PM GMT+2 [Modules] Streaming discord_utils@1 to /home/tomast/.config/discord/0.0.98/modules/pending/discord_utils-1.zip: 45%
9/18/2025, 9:28:01 PM GMT+2 [Modules] Streaming discord_utils@1 to /home/tomast/.config/discord/0.0.98/modules/pending/discord_utils-1.zip: 46%
9/18/2025, 9:28:01 PM GMT+2 [Modules] Streaming discord_utils@1 to /home/tomast/.config/discord/0.0.98/modules/pending/discord_utils-1.zip: 47%
9/18/2025, 9:28:01 PM GMT+2 [Modules] Streaming discord_utils@1 to /home/tomast/.config/discord/0.0.98/modules/pending/discord_utils-1.zip: 49%
9/18/2025, 9:28:01 PM GMT+2 [Modules] Streaming discord_utils@1 to /home/tomast/.config/discord/0.0.98/modules/pending/discord_utils-1.zip: 50%
9/18/2025, 9:28:01 PM GMT+2 [Modules] Streaming discord_utils@1 to /home/tomast/.config/discord/0.0.98/modules/pending/discord_utils-1.zip: 51%
9/18/2025, 9:28:01 PM GMT+2 [Modules] Streaming discord_utils@1 to /home/tomast/.config/discord/0.0.98/modules/pending/discord_utils-1.zip: 54%
9/18/2025, 9:28:01 PM GMT+2 [Modules] Streaming discord_utils@1 to /home/tomast/.config/discord/0.0.98/modules/pending/discord_utils-1.zip: 55%
9/18/2025, 9:28:01 PM GMT+2 [Modules] Streaming discord_utils@1 to /home/tomast/.config/discord/0.0.98/modules/pending/discord_utils-1.zip: 56%
9/18/2025, 9:28:01 PM GMT+2 [Modules] Streaming discord_utils@1 to /home/tomast/.config/discord/0.0.98/modules/pending/discord_utils-1.zip: 57%
9/18/2025, 9:28:01 PM GMT+2 [Modules] Streaming discord_utils@1 to /home/tomast/.config/discord/0.0.98/modules/pending/discord_utils-1.zip: 58%
9/18/2025, 9:28:01 PM GMT+2 [Modules] Streaming discord_utils@1 to /home/tomast/.config/discord/0.0.98/modules/pending/discord_utils-1.zip: 59%
9/18/2025, 9:28:01 PM GMT+2 [Modules] Streaming discord_utils@1 to /home/tomast/.config/discord/0.0.98/modules/pending/discord_utils-1.zip: 60%
9/18/2025, 9:28:01 PM GMT+2 [Modules] Streaming discord_utils@1 to /home/tomast/.config/discord/0.0.98/modules/pending/discord_utils-1.zip: 61%
9/18/2025, 9:28:01 PM GMT+2 [Modules] Streaming discord_utils@1 to /home/tomast/.config/discord/0.0.98/modules/pending/discord_utils-1.zip: 62%
9/18/2025, 9:28:01 PM GMT+2 [Modules] Streaming discord_utils@1 to /home/tomast/.config/discord/0.0.98/modules/pending/discord_utils-1.zip: 63%
9/18/2025, 9:28:01 PM GMT+2 [Modules] Streaming discord_utils@1 to /home/tomast/.config/discord/0.0.98/modules/pending/discord_utils-1.zip: 64%
9/18/2025, 9:28:01 PM GMT+2 [Modules] Streaming discord_utils@1 to /home/tomast/.config/discord/0.0.98/modules/pending/discord_utils-1.zip: 65%
9/18/2025, 9:28:01 PM GMT+2 [Modules] Streaming discord_utils@1 to /home/tomast/.config/discord/0.0.98/modules/pending/discord_utils-1.zip: 66%
9/18/2025, 9:28:01 PM GMT+2 [Modules] Streaming discord_utils@1 to /home/tomast/.config/discord/0.0.98/modules/pending/discord_utils-1.zip: 67%
9/18/2025, 9:28:01 PM GMT+2 [Modules] Streaming discord_utils@1 to /home/tomast/.config/discord/0.0.98/modules/pending/discord_utils-1.zip: 68%
9/18/2025, 9:28:01 PM GMT+2 [Modules] Streaming discord_utils@1 to /home/tomast/.config/discord/0.0.98/modules/pending/discord_utils-1.zip: 69%
9/18/2025, 9:28:01 PM GMT+2 [Modules] Streaming discord_utils@1 to /home/tomast/.config/discord/0.0.98/modules/pending/discord_utils-1.zip: 70%
9/18/2025, 9:28:01 PM GMT+2 [Modules] Streaming discord_utils@1 to /home/tomast/.config/discord/0.0.98/modules/pending/discord_utils-1.zip: 71%
9/18/2025, 9:28:01 PM GMT+2 [Modules] Streaming discord_utils@1 to /home/tomast/.config/discord/0.0.98/modules/pending/discord_utils-1.zip: 72%
9/18/2025, 9:28:01 PM GMT+2 [Modules] Streaming discord_utils@1 to /home/tomast/.config/discord/0.0.98/modules/pending/discord_utils-1.zip: 73%
9/18/2025, 9:28:01 PM GMT+2 [Modules] Streaming discord_utils@1 to /home/tomast/.config/discord/0.0.98/modules/pending/discord_utils-1.zip: 74%
9/18/2025, 9:28:01 PM GMT+2 [Modules] Streaming discord_utils@1 to /home/tomast/.config/discord/0.0.98/modules/pending/discord_utils-1.zip: 75%
9/18/2025, 9:28:01 PM GMT+2 [Modules] Streaming discord_utils@1 to /home/tomast/.config/discord/0.0.98/modules/pending/discord_utils-1.zip: 76%
9/18/2025, 9:28:01 PM GMT+2 [Modules] Streaming discord_utils@1 to /home/tomast/.config/discord/0.0.98/modules/pending/discord_utils-1.zip: 77%
9/18/2025, 9:28:01 PM GMT+2 [Modules] Streaming discord_utils@1 to /home/tomast/.config/discord/0.0.98/modules/pending/discord_utils-1.zip: 78%
9/18/2025, 9:28:01 PM GMT+2 [Modules] Streaming discord_utils@1 to /home/tomast/.config/discord/0.0.98/modules/pending/discord_utils-1.zip: 79%
9/18/2025, 9:28:01 PM GMT+2 [Modules] Streaming discord_utils@1 to /home/tomast/.config/discord/0.0.98/modules/pending/discord_utils-1.zip: 80%
9/18/2025, 9:28:01 PM GMT+2 [Modules] Streaming discord_utils@1 to /home/tomast/.config/discord/0.0.98/modules/pending/discord_utils-1.zip: 81%
9/18/2025, 9:28:01 PM GMT+2 [Modules] Streaming discord_utils@1 to /home/tomast/.config/discord/0.0.98/modules/pending/discord_utils-1.zip: 83%
9/18/2025, 9:28:01 PM GMT+2 [Modules] Streaming discord_utils@1 to /home/tomast/.config/discord/0.0.98/modules/pending/discord_utils-1.zip: 84%
9/18/2025, 9:28:01 PM GMT+2 [Modules] Streaming discord_utils@1 to /home/tomast/.config/discord/0.0.98/modules/pending/discord_utils-1.zip: 86%
9/18/2025, 9:28:01 PM GMT+2 [Modules] Streaming discord_utils@1 to /home/tomast/.config/discord/0.0.98/modules/pending/discord_utils-1.zip: 87%
9/18/2025, 9:28:01 PM GMT+2 [Modules] Streaming discord_utils@1 to /home/tomast/.config/discord/0.0.98/modules/pending/discord_utils-1.zip: 88%
9/18/2025, 9:28:01 PM GMT+2 [Modules] Streaming discord_utils@1 to /home/tomast/.config/discord/0.0.98/modules/pending/discord_utils-1.zip: 89%
9/18/2025, 9:28:01 PM GMT+2 [Modules] Streaming discord_utils@1 to /home/tomast/.config/discord/0.0.98/modules/pending/discord_utils-1.zip: 90%
9/18/2025, 9:28:01 PM GMT+2 [Modules] Streaming discord_utils@1 to /home/tomast/.config/discord/0.0.98/modules/pending/discord_utils-1.zip: 91%
9/18/2025, 9:28:01 PM GMT+2 [Modules] Streaming discord_utils@1 to /home/tomast/.config/discord/0.0.98/modules/pending/discord_utils-1.zip: 92%
9/18/2025, 9:28:01 PM GMT+2 [Modules] Streaming discord_utils@1 to /home/tomast/.config/discord/0.0.98/modules/pending/discord_utils-1.zip: 95%
9/18/2025, 9:28:01 PM GMT+2 [Modules] Streaming discord_utils@1 to /home/tomast/.config/discord/0.0.98/modules/pending/discord_utils-1.zip: 96%
9/18/2025, 9:28:01 PM GMT+2 [Modules] Streaming discord_utils@1 to /home/tomast/.config/discord/0.0.98/modules/pending/discord_utils-1.zip: 97%
9/18/2025, 9:28:01 PM GMT+2 [Modules] Streaming discord_utils@1 to /home/tomast/.config/discord/0.0.98/modules/pending/discord_utils-1.zip: 100%
9/18/2025, 9:28:01 PM GMT+2 [Modules] Fetching discord_voice@1 from https://discord.com/api/modules/stable/discord_voice/1
9/18/2025, 9:28:01 PM GMT+2 [Modules] Streaming discord_voice@1 to /home/tomast/.config/discord/0.0.98/modules/pending/discord_voice-1.zip
9/18/2025, 9:28:01 PM GMT+2 [Modules] Streaming discord_voice@1 to /home/tomast/.config/discord/0.0.98/modules/pending/discord_voice-1.zip: 1%
9/18/2025, 9:28:01 PM GMT+2 [Modules] Streaming discord_voice@1 to /home/tomast/.config/discord/0.0.98/modules/pending/discord_voice-1.zip: 2%
9/18/2025, 9:28:01 PM GMT+2 [Modules] Streaming discord_voice@1 to /home/tomast/.config/discord/0.0.98/modules/pending/discord_voice-1.zip: 3%
9/18/2025, 9:28:01 PM GMT+2 [Modules] Streaming discord_voice@1 to /home/tomast/.config/discord/0.0.98/modules/pending/discord_voice-1.zip: 4%
9/18/2025, 9:28:01 PM GMT+2 [Modules] Streaming discord_voice@1 to /home/tomast/.config/discord/0.0.98/modules/pending/discord_voice-1.zip: 5%
9/18/2025, 9:28:01 PM GMT+2 [Modules] Streaming discord_voice@1 to /home/tomast/.config/discord/0.0.98/modules/pending/discord_voice-1.zip: 6%
9/18/2025, 9:28:01 PM GMT+2 [Modules] Streaming discord_voice@1 to /home/tomast/.config/discord/0.0.98/modules/pending/discord_voice-1.zip: 7%
9/18/2025, 9:28:01 PM GMT+2 [Modules] Streaming discord_voice@1 to /home/tomast/.config/discord/0.0.98/modules/pending/discord_voice-1.zip: 8%
9/18/2025, 9:28:01 PM GMT+2 [Modules] Streaming discord_voice@1 to /home/tomast/.config/discord/0.0.98/modules/pending/discord_voice-1.zip: 9%
9/18/2025, 9:28:01 PM GMT+2 [Modules] Streaming discord_voice@1 to /home/tomast/.config/discord/0.0.98/modules/pending/discord_voice-1.zip: 10%
9/18/2025, 9:28:01 PM GMT+2 [Modules] Streaming discord_voice@1 to /home/tomast/.config/discord/0.0.98/modules/pending/discord_voice-1.zip: 11%
9/18/2025, 9:28:01 PM GMT+2 [Modules] Streaming discord_voice@1 to /home/tomast/.config/discord/0.0.98/modules/pending/discord_voice-1.zip: 12%
9/18/2025, 9:28:01 PM GMT+2 [Modules] Streaming discord_voice@1 to /home/tomast/.config/discord/0.0.98/modules/pending/discord_voice-1.zip: 13%
9/18/2025, 9:28:01 PM GMT+2 [Modules] Streaming discord_voice@1 to /home/tomast/.config/discord/0.0.98/modules/pending/discord_voice-1.zip: 14%
9/18/2025, 9:28:01 PM GMT+2 [Modules] Streaming discord_voice@1 to /home/tomast/.config/discord/0.0.98/modules/pending/discord_voice-1.zip: 15%
9/18/2025, 9:28:01 PM GMT+2 [Modules] Streaming discord_voice@1 to /home/tomast/.config/discord/0.0.98/modules/pending/discord_voice-1.zip: 16%
9/18/2025, 9:28:01 PM GMT+2 [Modules] Streaming discord_voice@1 to /home/tomast/.config/discord/0.0.98/modules/pending/discord_voice-1.zip: 17%
9/18/2025, 9:28:01 PM GMT+2 [Modules] Streaming discord_voice@1 to /home/tomast/.config/discord/0.0.98/modules/pending/discord_voice-1.zip: 18%
9/18/2025, 9:28:01 PM GMT+2 [Modules] Streaming discord_voice@1 to /home/tomast/.config/discord/0.0.98/modules/pending/discord_voice-1.zip: 19%
9/18/2025, 9:28:01 PM GMT+2 [Modules] Streaming discord_voice@1 to /home/tomast/.config/discord/0.0.98/modules/pending/discord_voice-1.zip: 20%
9/18/2025, 9:28:01 PM GMT+2 [Modules] Streaming discord_voice@1 to /home/tomast/.config/discord/0.0.98/modules/pending/discord_voice-1.zip: 21%
9/18/2025, 9:28:01 PM GMT+2 [Modules] Streaming discord_voice@1 to /home/tomast/.config/discord/0.0.98/modules/pending/discord_voice-1.zip: 22%
9/18/2025, 9:28:01 PM GMT+2 [Modules] Streaming discord_voice@1 to /home/tomast/.config/discord/0.0.98/modules/pending/discord_voice-1.zip: 23%
9/18/2025, 9:28:01 PM GMT+2 [Modules] Streaming discord_voice@1 to /home/tomast/.config/discord/0.0.98/modules/pending/discord_voice-1.zip: 24%
9/18/2025, 9:28:01 PM GMT+2 [Modules] Streaming discord_voice@1 to /home/tomast/.config/discord/0.0.98/modules/pending/discord_voice-1.zip: 25%
9/18/2025, 9:28:01 PM GMT+2 [Modules] Streaming discord_voice@1 to /home/tomast/.config/discord/0.0.98/modules/pending/discord_voice-1.zip: 26%
9/18/2025, 9:28:01 PM GMT+2 [Modules] Streaming discord_voice@1 to /home/tomast/.config/discord/0.0.98/modules/pending/discord_voice-1.zip: 27%
9/18/2025, 9:28:01 PM GMT+2 [Modules] Streaming discord_voice@1 to /home/tomast/.config/discord/0.0.98/modules/pending/discord_voice-1.zip: 28%
9/18/2025, 9:28:01 PM GMT+2 [Modules] Streaming discord_voice@1 to /home/tomast/.config/discord/0.0.98/modules/pending/discord_voice-1.zip: 29%
9/18/2025, 9:28:01 PM GMT+2 [Modules] Streaming discord_voice@1 to /home/tomast/.config/discord/0.0.98/modules/pending/discord_voice-1.zip: 30%
9/18/2025, 9:28:01 PM GMT+2 [Modules] Streaming discord_voice@1 to /home/tomast/.config/discord/0.0.98/modules/pending/discord_voice-1.zip: 31%
9/18/2025, 9:28:01 PM GMT+2 [Modules] Streaming discord_voice@1 to /home/tomast/.config/discord/0.0.98/modules/pending/discord_voice-1.zip: 32%
9/18/2025, 9:28:01 PM GMT+2 [Modules] Streaming discord_voice@1 to /home/tomast/.config/discord/0.0.98/modules/pending/discord_voice-1.zip: 33%
9/18/2025, 9:28:01 PM GMT+2 [Modules] Streaming discord_voice@1 to /home/tomast/.config/discord/0.0.98/modules/pending/discord_voice-1.zip: 34%
9/18/2025, 9:28:01 PM GMT+2 [Modules] Streaming discord_voice@1 to /home/tomast/.config/discord/0.0.98/modules/pending/discord_voice-1.zip: 35%
9/18/2025, 9:28:01 PM GMT+2 [Modules] Streaming discord_voice@1 to /home/tomast/.config/discord/0.0.98/modules/pending/discord_voice-1.zip: 36%
9/18/2025, 9:28:01 PM GMT+2 [Modules] Streaming discord_voice@1 to /home/tomast/.config/discord/0.0.98/modules/pending/discord_voice-1.zip: 37%
9/18/2025, 9:28:02 PM GMT+2 [Modules] Streaming discord_voice@1 to /home/tomast/.config/discord/0.0.98/modules/pending/discord_voice-1.zip: 38%
9/18/2025, 9:28:02 PM GMT+2 [Modules] Streaming discord_voice@1 to /home/tomast/.config/discord/0.0.98/modules/pending/discord_voice-1.zip: 39%
9/18/2025, 9:28:02 PM GMT+2 [Modules] Streaming discord_voice@1 to /home/tomast/.config/discord/0.0.98/modules/pending/discord_voice-1.zip: 40%
9/18/2025, 9:28:02 PM GMT+2 [Modules] Streaming discord_voice@1 to /home/tomast/.config/discord/0.0.98/modules/pending/discord_voice-1.zip: 41%
9/18/2025, 9:28:02 PM GMT+2 [Modules] Streaming discord_voice@1 to /home/tomast/.config/discord/0.0.98/modules/pending/discord_voice-1.zip: 42%
9/18/2025, 9:28:02 PM GMT+2 [Modules] Streaming discord_voice@1 to /home/tomast/.config/discord/0.0.98/modules/pending/discord_voice-1.zip: 43%
9/18/2025, 9:28:02 PM GMT+2 [Modules] Streaming discord_voice@1 to /home/tomast/.config/discord/0.0.98/modules/pending/discord_voice-1.zip: 44%
9/18/2025, 9:28:02 PM GMT+2 [Modules] Streaming discord_voice@1 to /home/tomast/.config/discord/0.0.98/modules/pending/discord_voice-1.zip: 45%
9/18/2025, 9:28:02 PM GMT+2 [Modules] Streaming discord_voice@1 to /home/tomast/.config/discord/0.0.98/modules/pending/discord_voice-1.zip: 46%
9/18/2025, 9:28:02 PM GMT+2 [Modules] Streaming discord_voice@1 to /home/tomast/.config/discord/0.0.98/modules/pending/discord_voice-1.zip: 47%
9/18/2025, 9:28:02 PM GMT+2 [Modules] Streaming discord_voice@1 to /home/tomast/.config/discord/0.0.98/modules/pending/discord_voice-1.zip: 48%
9/18/2025, 9:28:02 PM GMT+2 [Modules] Streaming discord_voice@1 to /home/tomast/.config/discord/0.0.98/modules/pending/discord_voice-1.zip: 49%
9/18/2025, 9:28:02 PM GMT+2 [Modules] Streaming discord_voice@1 to /home/tomast/.config/discord/0.0.98/modules/pending/discord_voice-1.zip: 50%
9/18/2025, 9:28:02 PM GMT+2 [Modules] Streaming discord_voice@1 to /home/tomast/.config/discord/0.0.98/modules/pending/discord_voice-1.zip: 51%
9/18/2025, 9:28:02 PM GMT+2 [Modules] Streaming discord_voice@1 to /home/tomast/.config/discord/0.0.98/modules/pending/discord_voice-1.zip: 52%
9/18/2025, 9:28:02 PM GMT+2 [Modules] Streaming discord_voice@1 to /home/tomast/.config/discord/0.0.98/modules/pending/discord_voice-1.zip: 53%
9/18/2025, 9:28:02 PM GMT+2 [Modules] Streaming discord_voice@1 to /home/tomast/.config/discord/0.0.98/modules/pending/discord_voice-1.zip: 54%
9/18/2025, 9:28:02 PM GMT+2 [Modules] Streaming discord_voice@1 to /home/tomast/.config/discord/0.0.98/modules/pending/discord_voice-1.zip: 55%
9/18/2025, 9:28:02 PM GMT+2 [Modules] Streaming discord_voice@1 to /home/tomast/.config/discord/0.0.98/modules/pending/discord_voice-1.zip: 56%
9/18/2025, 9:28:02 PM GMT+2 [Modules] Streaming discord_voice@1 to /home/tomast/.config/discord/0.0.98/modules/pending/discord_voice-1.zip: 57%
9/18/2025, 9:28:02 PM GMT+2 [Modules] Streaming discord_voice@1 to /home/tomast/.config/discord/0.0.98/modules/pending/discord_voice-1.zip: 58%
9/18/2025, 9:28:02 PM GMT+2 [Modules] Streaming discord_voice@1 to /home/tomast/.config/discord/0.0.98/modules/pending/discord_voice-1.zip: 59%
9/18/2025, 9:28:02 PM GMT+2 [Modules] Streaming discord_voice@1 to /home/tomast/.config/discord/0.0.98/modules/pending/discord_voice-1.zip: 60%
9/18/2025, 9:28:02 PM GMT+2 [Modules] Streaming discord_voice@1 to /home/tomast/.config/discord/0.0.98/modules/pending/discord_voice-1.zip: 61%
9/18/2025, 9:28:02 PM GMT+2 [Modules] Streaming discord_voice@1 to /home/tomast/.config/discord/0.0.98/modules/pending/discord_voice-1.zip: 62%
9/18/2025, 9:28:02 PM GMT+2 [Modules] Streaming discord_voice@1 to /home/tomast/.config/discord/0.0.98/modules/pending/discord_voice-1.zip: 63%
9/18/2025, 9:28:02 PM GMT+2 [Modules] Streaming discord_voice@1 to /home/tomast/.config/discord/0.0.98/modules/pending/discord_voice-1.zip: 64%
9/18/2025, 9:28:02 PM GMT+2 [Modules] Streaming discord_voice@1 to /home/tomast/.config/discord/0.0.98/modules/pending/discord_voice-1.zip: 65%
9/18/2025, 9:28:02 PM GMT+2 [Modules] Streaming discord_voice@1 to /home/tomast/.config/discord/0.0.98/modules/pending/discord_voice-1.zip: 66%
9/18/2025, 9:28:02 PM GMT+2 [Modules] Streaming discord_voice@1 to /home/tomast/.config/discord/0.0.98/modules/pending/discord_voice-1.zip: 67%
9/18/2025, 9:28:02 PM GMT+2 [Modules] Streaming discord_voice@1 to /home/tomast/.config/discord/0.0.98/modules/pending/discord_voice-1.zip: 68%
9/18/2025, 9:28:02 PM GMT+2 [Modules] Streaming discord_voice@1 to /home/tomast/.config/discord/0.0.98/modules/pending/discord_voice-1.zip: 69%
9/18/2025, 9:28:02 PM GMT+2 [Modules] Streaming discord_voice@1 to /home/tomast/.config/discord/0.0.98/modules/pending/discord_voice-1.zip: 70%
9/18/2025, 9:28:02 PM GMT+2 [Modules] Streaming discord_voice@1 to /home/tomast/.config/discord/0.0.98/modules/pending/discord_voice-1.zip: 71%
9/18/2025, 9:28:02 PM GMT+2 [Modules] Streaming discord_voice@1 to /home/tomast/.config/discord/0.0.98/modules/pending/discord_voice-1.zip: 72%
9/18/2025, 9:28:02 PM GMT+2 [Modules] Streaming discord_voice@1 to /home/tomast/.config/discord/0.0.98/modules/pending/discord_voice-1.zip: 73%
9/18/2025, 9:28:02 PM GMT+2 [Modules] Streaming discord_voice@1 to /home/tomast/.config/discord/0.0.98/modules/pending/discord_voice-1.zip: 74%
9/18/2025, 9:28:02 PM GMT+2 [Modules] Streaming discord_voice@1 to /home/tomast/.config/discord/0.0.98/modules/pending/discord_voice-1.zip: 75%
9/18/2025, 9:28:02 PM GMT+2 [Modules] Streaming discord_voice@1 to /home/tomast/.config/discord/0.0.98/modules/pending/discord_voice-1.zip: 76%
9/18/2025, 9:28:02 PM GMT+2 [Modules] Streaming discord_voice@1 to /home/tomast/.config/discord/0.0.98/modules/pending/discord_voice-1.zip: 77%
9/18/2025, 9:28:02 PM GMT+2 [Modules] Streaming discord_voice@1 to /home/tomast/.config/discord/0.0.98/modules/pending/discord_voice-1.zip: 78%
9/18/2025, 9:28:02 PM GMT+2 [Modules] Streaming discord_voice@1 to /home/tomast/.config/discord/0.0.98/modules/pending/discord_voice-1.zip: 79%
9/18/2025, 9:28:02 PM GMT+2 [Modules] Streaming discord_voice@1 to /home/tomast/.config/discord/0.0.98/modules/pending/discord_voice-1.zip: 80%
9/18/2025, 9:28:02 PM GMT+2 [Modules] Streaming discord_voice@1 to /home/tomast/.config/discord/0.0.98/modules/pending/discord_voice-1.zip: 81%
9/18/2025, 9:28:02 PM GMT+2 [Modules] Streaming discord_voice@1 to /home/tomast/.config/discord/0.0.98/modules/pending/discord_voice-1.zip: 82%
9/18/2025, 9:28:02 PM GMT+2 [Modules] Streaming discord_voice@1 to /home/tomast/.config/discord/0.0.98/modules/pending/discord_voice-1.zip: 83%
9/18/2025, 9:28:02 PM GMT+2 [Modules] Streaming discord_voice@1 to /home/tomast/.config/discord/0.0.98/modules/pending/discord_voice-1.zip: 84%
9/18/2025, 9:28:02 PM GMT+2 [Modules] Streaming discord_voice@1 to /home/tomast/.config/discord/0.0.98/modules/pending/discord_voice-1.zip: 85%
9/18/2025, 9:28:02 PM GMT+2 [Modules] Streaming discord_voice@1 to /home/tomast/.config/discord/0.0.98/modules/pending/discord_voice-1.zip: 86%
9/18/2025, 9:28:02 PM GMT+2 [Modules] Streaming discord_voice@1 to /home/tomast/.config/discord/0.0.98/modules/pending/discord_voice-1.zip: 87%
9/18/2025, 9:28:02 PM GMT+2 [Modules] Streaming discord_voice@1 to /home/tomast/.config/discord/0.0.98/modules/pending/discord_voice-1.zip: 88%
9/18/2025, 9:28:02 PM GMT+2 [Modules] Streaming discord_voice@1 to /home/tomast/.config/discord/0.0.98/modules/pending/discord_voice-1.zip: 89%
9/18/2025, 9:28:02 PM GMT+2 [Modules] Streaming discord_voice@1 to /home/tomast/.config/discord/0.0.98/modules/pending/discord_voice-1.zip: 90%
9/18/2025, 9:28:02 PM GMT+2 [Modules] Streaming discord_voice@1 to /home/tomast/.config/discord/0.0.98/modules/pending/discord_voice-1.zip: 91%
9/18/2025, 9:28:02 PM GMT+2 [Modules] Streaming discord_voice@1 to /home/tomast/.config/discord/0.0.98/modules/pending/discord_voice-1.zip: 92%
9/18/2025, 9:28:02 PM GMT+2 [Modules] Streaming discord_voice@1 to /home/tomast/.config/discord/0.0.98/modules/pending/discord_voice-1.zip: 93%
9/18/2025, 9:28:02 PM GMT+2 [Modules] Streaming discord_voice@1 to /home/tomast/.config/discord/0.0.98/modules/pending/discord_voice-1.zip: 94%
9/18/2025, 9:28:02 PM GMT+2 [Modules] Streaming discord_voice@1 to /home/tomast/.config/discord/0.0.98/modules/pending/discord_voice-1.zip: 95%
9/18/2025, 9:28:02 PM GMT+2 [Modules] Streaming discord_voice@1 to /home/tomast/.config/discord/0.0.98/modules/pending/discord_voice-1.zip: 96%
9/18/2025, 9:28:02 PM GMT+2 [Modules] Streaming discord_voice@1 to /home/tomast/.config/discord/0.0.98/modules/pending/discord_voice-1.zip: 97%
9/18/2025, 9:28:02 PM GMT+2 [Modules] Streaming discord_voice@1 to /home/tomast/.config/discord/0.0.98/modules/pending/discord_voice-1.zip: 98%
9/18/2025, 9:28:02 PM GMT+2 [Modules] Streaming discord_voice@1 to /home/tomast/.config/discord/0.0.98/modules/pending/discord_voice-1.zip: 99%
9/18/2025, 9:28:02 PM GMT+2 [Modules] Streaming discord_voice@1 to /home/tomast/.config/discord/0.0.98/modules/pending/discord_voice-1.zip: 100%
9/18/2025, 9:28:02 PM GMT+2 [Modules] Fetching discord_zstd@1 from https://discord.com/api/modules/stable/discord_zstd/1
9/18/2025, 9:28:02 PM GMT+2 [Modules] Streaming discord_zstd@1 to /home/tomast/.config/discord/0.0.98/modules/pending/discord_zstd-1.zip
9/18/2025, 9:28:03 PM GMT+2 [Modules] Streaming discord_zstd@1 to /home/tomast/.config/discord/0.0.98/modules/pending/discord_zstd-1.zip: 2%
9/18/2025, 9:28:03 PM GMT+2 [Modules] Streaming discord_zstd@1 to /home/tomast/.config/discord/0.0.98/modules/pending/discord_zstd-1.zip: 12%
9/18/2025, 9:28:03 PM GMT+2 [Modules] Streaming discord_zstd@1 to /home/tomast/.config/discord/0.0.98/modules/pending/discord_zstd-1.zip: 25%
9/18/2025, 9:28:03 PM GMT+2 [Modules] Streaming discord_zstd@1 to /home/tomast/.config/discord/0.0.98/modules/pending/discord_zstd-1.zip: 28%
9/18/2025, 9:28:03 PM GMT+2 [Modules] Streaming discord_zstd@1 to /home/tomast/.config/discord/0.0.98/modules/pending/discord_zstd-1.zip: 36%
9/18/2025, 9:28:03 PM GMT+2 [Modules] Streaming discord_zstd@1 to /home/tomast/.config/discord/0.0.98/modules/pending/discord_zstd-1.zip: 46%
9/18/2025, 9:28:03 PM GMT+2 [Modules] Streaming discord_zstd@1 to /home/tomast/.config/discord/0.0.98/modules/pending/discord_zstd-1.zip: 58%
9/18/2025, 9:28:03 PM GMT+2 [Modules] Streaming discord_zstd@1 to /home/tomast/.config/discord/0.0.98/modules/pending/discord_zstd-1.zip: 64%
9/18/2025, 9:28:03 PM GMT+2 [Modules] Streaming discord_zstd@1 to /home/tomast/.config/discord/0.0.98/modules/pending/discord_zstd-1.zip: 80%
9/18/2025, 9:28:03 PM GMT+2 [Modules] Streaming discord_zstd@1 to /home/tomast/.config/discord/0.0.98/modules/pending/discord_zstd-1.zip: 90%
9/18/2025, 9:28:03 PM GMT+2 [Modules] Streaming discord_zstd@1 to /home/tomast/.config/discord/0.0.98/modules/pending/discord_zstd-1.zip: 100%
9/18/2025, 9:28:03 PM GMT+2 [Modules] Finished module downloads. [success: 6] [failure: 0]
9/18/2025, 9:28:03 PM GMT+2 [Modules] Installing updates...
9/18/2025, 9:28:03 PM GMT+2 [Modules] Installing discord_desktop_core@1 from /home/tomast/.config/discord/0.0.98/modules/pending/discord_desktop_core-1.zip
9/18/2025, 9:28:03 PM GMT+2 [Modules] Installing discord_erlpack@1 from /home/tomast/.config/discord/0.0.98/modules/pending/discord_erlpack-1.zip
9/18/2025, 9:28:03 PM GMT+2 [Modules] Installing discord_spellcheck@1 from /home/tomast/.config/discord/0.0.98/modules/pending/discord_spellcheck-1.zip
9/18/2025, 9:28:04 PM GMT+2 [Modules] Installing discord_utils@1 from /home/tomast/.config/discord/0.0.98/modules/pending/discord_utils-1.zip
9/18/2025, 9:28:04 PM GMT+2 [Modules] Installing discord_voice@1 from /home/tomast/.config/discord/0.0.98/modules/pending/discord_voice-1.zip
9/18/2025, 9:28:04 PM GMT+2 [Modules] Installing discord_zstd@1 from /home/tomast/.config/discord/0.0.98/modules/pending/discord_zstd-1.zip
9/18/2025, 9:28:04 PM GMT+2 [Modules] Finished module installations. [success: 6] [failure: 0]
9/18/2025, 9:28:04 PM GMT+2 [Modules] Host is up to date.
9/18/2025, 9:28:04 PM GMT+2 [Modules] Checking for module updates at https://discord.com/api/modules/stable/versions.json
9/18/2025, 9:28:04 PM GMT+2 [Modules] No module updates available.
9/18/2025, 9:28:06 PM GMT+2 [Modules] Starting to install discord_krisp...
9/18/2025, 9:28:06 PM GMT+2 [Modules] Fetching discord_krisp@1 from https://discord.com/api/modules/stable/discord_krisp/1
9/18/2025, 9:28:06 PM GMT+2 [Modules] Streaming discord_krisp@1 to /home/tomast/.config/discord/0.0.98/modules/pending/discord_krisp-1.zip
9/18/2025, 9:28:06 PM GMT+2 [Modules] Starting to install discord_game_utils...
9/18/2025, 9:28:06 PM GMT+2 [Modules] Streaming discord_krisp@1 to /home/tomast/.config/discord/0.0.98/modules/pending/discord_krisp-1.zip: 1%
9/18/2025, 9:28:06 PM GMT+2 [Modules] Streaming discord_krisp@1 to /home/tomast/.config/discord/0.0.98/modules/pending/discord_krisp-1.zip: 2%
9/18/2025, 9:28:06 PM GMT+2 [Modules] Streaming discord_krisp@1 to /home/tomast/.config/discord/0.0.98/modules/pending/discord_krisp-1.zip: 3%
9/18/2025, 9:28:06 PM GMT+2 [Modules] Streaming discord_krisp@1 to /home/tomast/.config/discord/0.0.98/modules/pending/discord_krisp-1.zip: 4%
9/18/2025, 9:28:06 PM GMT+2 [Modules] Streaming discord_krisp@1 to /home/tomast/.config/discord/0.0.98/modules/pending/discord_krisp-1.zip: 5%
9/18/2025, 9:28:06 PM GMT+2 [Modules] Streaming discord_krisp@1 to /home/tomast/.config/discord/0.0.98/modules/pending/discord_krisp-1.zip: 6%
9/18/2025, 9:28:06 PM GMT+2 [Modules] Streaming discord_krisp@1 to /home/tomast/.config/discord/0.0.98/modules/pending/discord_krisp-1.zip: 7%
9/18/2025, 9:28:06 PM GMT+2 [Modules] Streaming discord_krisp@1 to /home/tomast/.config/discord/0.0.98/modules/pending/discord_krisp-1.zip: 8%
9/18/2025, 9:28:07 PM GMT+2 [Modules] Streaming discord_krisp@1 to /home/tomast/.config/discord/0.0.98/modules/pending/discord_krisp-1.zip: 9%
9/18/2025, 9:28:07 PM GMT+2 [Modules] Streaming discord_krisp@1 to /home/tomast/.config/discord/0.0.98/modules/pending/discord_krisp-1.zip: 10%
9/18/2025, 9:28:07 PM GMT+2 [Modules] Streaming discord_krisp@1 to /home/tomast/.config/discord/0.0.98/modules/pending/discord_krisp-1.zip: 11%
9/18/2025, 9:28:07 PM GMT+2 [Modules] Streaming discord_krisp@1 to /home/tomast/.config/discord/0.0.98/modules/pending/discord_krisp-1.zip: 12%
9/18/2025, 9:28:07 PM GMT+2 [Modules] Streaming discord_krisp@1 to /home/tomast/.config/discord/0.0.98/modules/pending/discord_krisp-1.zip: 13%
9/18/2025, 9:28:07 PM GMT+2 [Modules] Streaming discord_krisp@1 to /home/tomast/.config/discord/0.0.98/modules/pending/discord_krisp-1.zip: 14%
9/18/2025, 9:28:08 PM GMT+2 [Modules] Streaming discord_krisp@1 to /home/tomast/.config/discord/0.0.98/modules/pending/discord_krisp-1.zip: 15%
9/18/2025, 9:28:08 PM GMT+2 [Modules] Streaming discord_krisp@1 to /home/tomast/.config/discord/0.0.98/modules/pending/discord_krisp-1.zip: 16%
9/18/2025, 9:28:08 PM GMT+2 [Modules] Streaming discord_krisp@1 to /home/tomast/.config/discord/0.0.98/modules/pending/discord_krisp-1.zip: 17%
9/18/2025, 9:28:08 PM GMT+2 [Modules] Streaming discord_krisp@1 to /home/tomast/.config/discord/0.0.98/modules/pending/discord_krisp-1.zip: 18%
9/18/2025, 9:28:08 PM GMT+2 [Modules] Streaming discord_krisp@1 to /home/tomast/.config/discord/0.0.98/modules/pending/discord_krisp-1.zip: 19%
9/18/2025, 9:28:08 PM GMT+2 [Modules] Streaming discord_krisp@1 to /home/tomast/.config/discord/0.0.98/modules/pending/discord_krisp-1.zip: 20%
9/18/2025, 9:28:08 PM GMT+2 [Modules] Streaming discord_krisp@1 to /home/tomast/.config/discord/0.0.98/modules/pending/discord_krisp-1.zip: 21%
9/18/2025, 9:28:08 PM GMT+2 [Modules] Streaming discord_krisp@1 to /home/tomast/.config/discord/0.0.98/modules/pending/discord_krisp-1.zip: 22%
9/18/2025, 9:28:08 PM GMT+2 [Modules] Streaming discord_krisp@1 to /home/tomast/.config/discord/0.0.98/modules/pending/discord_krisp-1.zip: 23%
9/18/2025, 9:28:08 PM GMT+2 [Modules] Streaming discord_krisp@1 to /home/tomast/.config/discord/0.0.98/modules/pending/discord_krisp-1.zip: 24%
9/18/2025, 9:28:08 PM GMT+2 [Modules] Streaming discord_krisp@1 to /home/tomast/.config/discord/0.0.98/modules/pending/discord_krisp-1.zip: 25%
9/18/2025, 9:28:08 PM GMT+2 [Modules] Streaming discord_krisp@1 to /home/tomast/.config/discord/0.0.98/modules/pending/discord_krisp-1.zip: 26%
9/18/2025, 9:28:08 PM GMT+2 [Modules] Streaming discord_krisp@1 to /home/tomast/.config/discord/0.0.98/modules/pending/discord_krisp-1.zip: 27%
9/18/2025, 9:28:08 PM GMT+2 [Modules] Streaming discord_krisp@1 to /home/tomast/.config/discord/0.0.98/modules/pending/discord_krisp-1.zip: 28%
9/18/2025, 9:28:08 PM GMT+2 [Modules] Streaming discord_krisp@1 to /home/tomast/.config/discord/0.0.98/modules/pending/discord_krisp-1.zip: 29%
9/18/2025, 9:28:08 PM GMT+2 [Modules] Streaming discord_krisp@1 to /home/tomast/.config/discord/0.0.98/modules/pending/discord_krisp-1.zip: 30%
9/18/2025, 9:28:08 PM GMT+2 [Modules] Streaming discord_krisp@1 to /home/tomast/.config/discord/0.0.98/modules/pending/discord_krisp-1.zip: 31%
9/18/2025, 9:28:08 PM GMT+2 [Modules] Streaming discord_krisp@1 to /home/tomast/.config/discord/0.0.98/modules/pending/discord_krisp-1.zip: 32%
9/18/2025, 9:28:08 PM GMT+2 [Modules] Streaming discord_krisp@1 to /home/tomast/.config/discord/0.0.98/modules/pending/discord_krisp-1.zip: 33%
9/18/2025, 9:28:08 PM GMT+2 [Modules] Streaming discord_krisp@1 to /home/tomast/.config/discord/0.0.98/modules/pending/discord_krisp-1.zip: 34%
9/18/2025, 9:28:08 PM GMT+2 [Modules] Streaming discord_krisp@1 to /home/tomast/.config/discord/0.0.98/modules/pending/discord_krisp-1.zip: 35%
9/18/2025, 9:28:08 PM GMT+2 [Modules] Streaming discord_krisp@1 to /home/tomast/.config/discord/0.0.98/modules/pending/discord_krisp-1.zip: 36%
9/18/2025, 9:28:08 PM GMT+2 [Modules] Streaming discord_krisp@1 to /home/tomast/.config/discord/0.0.98/modules/pending/discord_krisp-1.zip: 37%
9/18/2025, 9:28:08 PM GMT+2 [Modules] Streaming discord_krisp@1 to /home/tomast/.config/discord/0.0.98/modules/pending/discord_krisp-1.zip: 38%
9/18/2025, 9:28:08 PM GMT+2 [Modules] Streaming discord_krisp@1 to /home/tomast/.config/discord/0.0.98/modules/pending/discord_krisp-1.zip: 39%
9/18/2025, 9:28:08 PM GMT+2 [Modules] Streaming discord_krisp@1 to /home/tomast/.config/discord/0.0.98/modules/pending/discord_krisp-1.zip: 40%
9/18/2025, 9:28:08 PM GMT+2 [Modules] Streaming discord_krisp@1 to /home/tomast/.config/discord/0.0.98/modules/pending/discord_krisp-1.zip: 41%
9/18/2025, 9:28:08 PM GMT+2 [Modules] Streaming discord_krisp@1 to /home/tomast/.config/discord/0.0.98/modules/pending/discord_krisp-1.zip: 42%
9/18/2025, 9:28:08 PM GMT+2 [Modules] Streaming discord_krisp@1 to /home/tomast/.config/discord/0.0.98/modules/pending/discord_krisp-1.zip: 43%
9/18/2025, 9:28:08 PM GMT+2 [Modules] Streaming discord_krisp@1 to /home/tomast/.config/discord/0.0.98/modules/pending/discord_krisp-1.zip: 44%
9/18/2025, 9:28:08 PM GMT+2 [Modules] Streaming discord_krisp@1 to /home/tomast/.config/discord/0.0.98/modules/pending/discord_krisp-1.zip: 45%
9/18/2025, 9:28:08 PM GMT+2 [Modules] Streaming discord_krisp@1 to /home/tomast/.config/discord/0.0.98/modules/pending/discord_krisp-1.zip: 46%
9/18/2025, 9:28:08 PM GMT+2 [Modules] Streaming discord_krisp@1 to /home/tomast/.config/discord/0.0.98/modules/pending/discord_krisp-1.zip: 47%
9/18/2025, 9:28:08 PM GMT+2 [Modules] Streaming discord_krisp@1 to /home/tomast/.config/discord/0.0.98/modules/pending/discord_krisp-1.zip: 48%
9/18/2025, 9:28:08 PM GMT+2 [Modules] Streaming discord_krisp@1 to /home/tomast/.config/discord/0.0.98/modules/pending/discord_krisp-1.zip: 49%
9/18/2025, 9:28:08 PM GMT+2 [Modules] Streaming discord_krisp@1 to /home/tomast/.config/discord/0.0.98/modules/pending/discord_krisp-1.zip: 50%
9/18/2025, 9:28:08 PM GMT+2 [Modules] Streaming discord_krisp@1 to /home/tomast/.config/discord/0.0.98/modules/pending/discord_krisp-1.zip: 51%
9/18/2025, 9:28:08 PM GMT+2 [Modules] Streaming discord_krisp@1 to /home/tomast/.config/discord/0.0.98/modules/pending/discord_krisp-1.zip: 52%
9/18/2025, 9:28:08 PM GMT+2 [Modules] Streaming discord_krisp@1 to /home/tomast/.config/discord/0.0.98/modules/pending/discord_krisp-1.zip: 53%
9/18/2025, 9:28:08 PM GMT+2 [Modules] Streaming discord_krisp@1 to /home/tomast/.config/discord/0.0.98/modules/pending/discord_krisp-1.zip: 54%
9/18/2025, 9:28:08 PM GMT+2 [Modules] Streaming discord_krisp@1 to /home/tomast/.config/discord/0.0.98/modules/pending/discord_krisp-1.zip: 55%
9/18/2025, 9:28:08 PM GMT+2 [Modules] Streaming discord_krisp@1 to /home/tomast/.config/discord/0.0.98/modules/pending/discord_krisp-1.zip: 56%
9/18/2025, 9:28:08 PM GMT+2 [Modules] Streaming discord_krisp@1 to /home/tomast/.config/discord/0.0.98/modules/pending/discord_krisp-1.zip: 57%
9/18/2025, 9:28:08 PM GMT+2 [Modules] Streaming discord_krisp@1 to /home/tomast/.config/discord/0.0.98/modules/pending/discord_krisp-1.zip: 58%
9/18/2025, 9:28:08 PM GMT+2 [Modules] Streaming discord_krisp@1 to /home/tomast/.config/discord/0.0.98/modules/pending/discord_krisp-1.zip: 59%
9/18/2025, 9:28:08 PM GMT+2 [Modules] Streaming discord_krisp@1 to /home/tomast/.config/discord/0.0.98/modules/pending/discord_krisp-1.zip: 60%
9/18/2025, 9:28:08 PM GMT+2 [Modules] Streaming discord_krisp@1 to /home/tomast/.config/discord/0.0.98/modules/pending/discord_krisp-1.zip: 61%
9/18/2025, 9:28:08 PM GMT+2 [Modules] Streaming discord_krisp@1 to /home/tomast/.config/discord/0.0.98/modules/pending/discord_krisp-1.zip: 62%
9/18/2025, 9:28:08 PM GMT+2 [Modules] Streaming discord_krisp@1 to /home/tomast/.config/discord/0.0.98/modules/pending/discord_krisp-1.zip: 63%
9/18/2025, 9:28:08 PM GMT+2 [Modules] Streaming discord_krisp@1 to /home/tomast/.config/discord/0.0.98/modules/pending/discord_krisp-1.zip: 64%
9/18/2025, 9:28:08 PM GMT+2 [Modules] Streaming discord_krisp@1 to /home/tomast/.config/discord/0.0.98/modules/pending/discord_krisp-1.zip: 65%
9/18/2025, 9:28:08 PM GMT+2 [Modules] Streaming discord_krisp@1 to /home/tomast/.config/discord/0.0.98/modules/pending/discord_krisp-1.zip: 66%
9/18/2025, 9:28:08 PM GMT+2 [Modules] Streaming discord_krisp@1 to /home/tomast/.config/discord/0.0.98/modules/pending/discord_krisp-1.zip: 67%
9/18/2025, 9:28:08 PM GMT+2 [Modules] Streaming discord_krisp@1 to /home/tomast/.config/discord/0.0.98/modules/pending/discord_krisp-1.zip: 68%
9/18/2025, 9:28:09 PM GMT+2 [Modules] Streaming discord_krisp@1 to /home/tomast/.config/discord/0.0.98/modules/pending/discord_krisp-1.zip: 69%
9/18/2025, 9:28:09 PM GMT+2 [Modules] Streaming discord_krisp@1 to /home/tomast/.config/discord/0.0.98/modules/pending/discord_krisp-1.zip: 70%
9/18/2025, 9:28:09 PM GMT+2 [Modules] Streaming discord_krisp@1 to /home/tomast/.config/discord/0.0.98/modules/pending/discord_krisp-1.zip: 71%
9/18/2025, 9:28:09 PM GMT+2 [Modules] Streaming discord_krisp@1 to /home/tomast/.config/discord/0.0.98/modules/pending/discord_krisp-1.zip: 72%
9/18/2025, 9:28:09 PM GMT+2 [Modules] Streaming discord_krisp@1 to /home/tomast/.config/discord/0.0.98/modules/pending/discord_krisp-1.zip: 73%
9/18/2025, 9:28:09 PM GMT+2 [Modules] Streaming discord_krisp@1 to /home/tomast/.config/discord/0.0.98/modules/pending/discord_krisp-1.zip: 74%
9/18/2025, 9:28:09 PM GMT+2 [Modules] Streaming discord_krisp@1 to /home/tomast/.config/discord/0.0.98/modules/pending/discord_krisp-1.zip: 75%
9/18/2025, 9:28:09 PM GMT+2 [Modules] Streaming discord_krisp@1 to /home/tomast/.config/discord/0.0.98/modules/pending/discord_krisp-1.zip: 76%
9/18/2025, 9:28:09 PM GMT+2 [Modules] Streaming discord_krisp@1 to /home/tomast/.config/discord/0.0.98/modules/pending/discord_krisp-1.zip: 77%
9/18/2025, 9:28:09 PM GMT+2 [Modules] Streaming discord_krisp@1 to /home/tomast/.config/discord/0.0.98/modules/pending/discord_krisp-1.zip: 78%
9/18/2025, 9:28:09 PM GMT+2 [Modules] Streaming discord_krisp@1 to /home/tomast/.config/discord/0.0.98/modules/pending/discord_krisp-1.zip: 79%
9/18/2025, 9:28:09 PM GMT+2 [Modules] Streaming discord_krisp@1 to /home/tomast/.config/discord/0.0.98/modules/pending/discord_krisp-1.zip: 80%
9/18/2025, 9:28:09 PM GMT+2 [Modules] Streaming discord_krisp@1 to /home/tomast/.config/discord/0.0.98/modules/pending/discord_krisp-1.zip: 81%
9/18/2025, 9:28:09 PM GMT+2 [Modules] Streaming discord_krisp@1 to /home/tomast/.config/discord/0.0.98/modules/pending/discord_krisp-1.zip: 82%
9/18/2025, 9:28:09 PM GMT+2 [Modules] Streaming discord_krisp@1 to /home/tomast/.config/discord/0.0.98/modules/pending/discord_krisp-1.zip: 83%
9/18/2025, 9:28:09 PM GMT+2 [Modules] Streaming discord_krisp@1 to /home/tomast/.config/discord/0.0.98/modules/pending/discord_krisp-1.zip: 84%
9/18/2025, 9:28:09 PM GMT+2 [Modules] Streaming discord_krisp@1 to /home/tomast/.config/discord/0.0.98/modules/pending/discord_krisp-1.zip: 85%
9/18/2025, 9:28:09 PM GMT+2 [Modules] Streaming discord_krisp@1 to /home/tomast/.config/discord/0.0.98/modules/pending/discord_krisp-1.zip: 86%
9/18/2025, 9:28:09 PM GMT+2 [Modules] Streaming discord_krisp@1 to /home/tomast/.config/discord/0.0.98/modules/pending/discord_krisp-1.zip: 87%
9/18/2025, 9:28:09 PM GMT+2 [Modules] Streaming discord_krisp@1 to /home/tomast/.config/discord/0.0.98/modules/pending/discord_krisp-1.zip: 88%
9/18/2025, 9:28:09 PM GMT+2 [Modules] Streaming discord_krisp@1 to /home/tomast/.config/discord/0.0.98/modules/pending/discord_krisp-1.zip: 89%
9/18/2025, 9:28:09 PM GMT+2 [Modules] Streaming discord_krisp@1 to /home/tomast/.config/discord/0.0.98/modules/pending/discord_krisp-1.zip: 90%
9/18/2025, 9:28:09 PM GMT+2 [Modules] Streaming discord_krisp@1 to /home/tomast/.config/discord/0.0.98/modules/pending/discord_krisp-1.zip: 91%
9/18/2025, 9:28:09 PM GMT+2 [Modules] Streaming discord_krisp@1 to /home/tomast/.config/discord/0.0.98/modules/pending/discord_krisp-1.zip: 92%
9/18/2025, 9:28:09 PM GMT+2 [Modules] Streaming discord_krisp@1 to /home/tomast/.config/discord/0.0.98/modules/pending/discord_krisp-1.zip: 93%
9/18/2025, 9:28:09 PM GMT+2 [Modules] Streaming discord_krisp@1 to /home/tomast/.config/discord/0.0.98/modules/pending/discord_krisp-1.zip: 94%
9/18/2025, 9:28:09 PM GMT+2 [Modules] Streaming discord_krisp@1 to /home/tomast/.config/discord/0.0.98/modules/pending/discord_krisp-1.zip: 95%
9/18/2025, 9:28:09 PM GMT+2 [Modules] Streaming discord_krisp@1 to /home/tomast/.config/discord/0.0.98/modules/pending/discord_krisp-1.zip: 96%
9/18/2025, 9:28:09 PM GMT+2 [Modules] Streaming discord_krisp@1 to /home/tomast/.config/discord/0.0.98/modules/pending/discord_krisp-1.zip: 97%
9/18/2025, 9:28:09 PM GMT+2 [Modules] Streaming discord_krisp@1 to /home/tomast/.config/discord/0.0.98/modules/pending/discord_krisp-1.zip: 98%
9/18/2025, 9:28:09 PM GMT+2 [Modules] Streaming discord_krisp@1 to /home/tomast/.config/discord/0.0.98/modules/pending/discord_krisp-1.zip: 99%
9/18/2025, 9:28:09 PM GMT+2 [Modules] Streaming discord_krisp@1 to /home/tomast/.config/discord/0.0.98/modules/pending/discord_krisp-1.zip: 100%
9/18/2025, 9:28:09 PM GMT+2 [Modules] Fetching discord_game_utils@1 from https://discord.com/api/modules/stable/discord_game_utils/1
9/18/2025, 9:28:09 PM GMT+2 [Modules] Streaming discord_game_utils@1 to /home/tomast/.config/discord/0.0.98/modules/pending/discord_game_utils-1.zip
9/18/2025, 9:28:09 PM GMT+2 [Modules] Installing discord_krisp@1 from /home/tomast/.config/discord/0.0.98/modules/pending/discord_krisp-1.zip
9/18/2025, 9:28:09 PM GMT+2 [Modules] Streaming discord_game_utils@1 to /home/tomast/.config/discord/0.0.98/modules/pending/discord_game_utils-1.zip: 1%
9/18/2025, 9:28:09 PM GMT+2 [Modules] Streaming discord_game_utils@1 to /home/tomast/.config/discord/0.0.98/modules/pending/discord_game_utils-1.zip: 3%
9/18/2025, 9:28:09 PM GMT+2 [Modules] Streaming discord_game_utils@1 to /home/tomast/.config/discord/0.0.98/modules/pending/discord_game_utils-1.zip: 4%
9/18/2025, 9:28:09 PM GMT+2 [Modules] Streaming discord_game_utils@1 to /home/tomast/.config/discord/0.0.98/modules/pending/discord_game_utils-1.zip: 5%
9/18/2025, 9:28:09 PM GMT+2 [Modules] Streaming discord_game_utils@1 to /home/tomast/.config/discord/0.0.98/modules/pending/discord_game_utils-1.zip: 6%
9/18/2025, 9:28:09 PM GMT+2 [Modules] Streaming discord_game_utils@1 to /home/tomast/.config/discord/0.0.98/modules/pending/discord_game_utils-1.zip: 7%
9/18/2025, 9:28:09 PM GMT+2 [Modules] Streaming discord_game_utils@1 to /home/tomast/.config/discord/0.0.98/modules/pending/discord_game_utils-1.zip: 8%
9/18/2025, 9:28:09 PM GMT+2 [Modules] Streaming discord_game_utils@1 to /home/tomast/.config/discord/0.0.98/modules/pending/discord_game_utils-1.zip: 9%
9/18/2025, 9:28:09 PM GMT+2 [Modules] Streaming discord_game_utils@1 to /home/tomast/.config/discord/0.0.98/modules/pending/discord_game_utils-1.zip: 11%
9/18/2025, 9:28:09 PM GMT+2 [Modules] Streaming discord_game_utils@1 to /home/tomast/.config/discord/0.0.98/modules/pending/discord_game_utils-1.zip: 12%
9/18/2025, 9:28:09 PM GMT+2 [Modules] Streaming discord_game_utils@1 to /home/tomast/.config/discord/0.0.98/modules/pending/discord_game_utils-1.zip: 13%
9/18/2025, 9:28:09 PM GMT+2 [Modules] Streaming discord_game_utils@1 to /home/tomast/.config/discord/0.0.98/modules/pending/discord_game_utils-1.zip: 14%
9/18/2025, 9:28:09 PM GMT+2 [Modules] Streaming discord_game_utils@1 to /home/tomast/.config/discord/0.0.98/modules/pending/discord_game_utils-1.zip: 16%
9/18/2025, 9:28:09 PM GMT+2 [Modules] Streaming discord_game_utils@1 to /home/tomast/.config/discord/0.0.98/modules/pending/discord_game_utils-1.zip: 17%
9/18/2025, 9:28:09 PM GMT+2 [Modules] Streaming discord_game_utils@1 to /home/tomast/.config/discord/0.0.98/modules/pending/discord_game_utils-1.zip: 18%
9/18/2025, 9:28:09 PM GMT+2 [Modules] Streaming discord_game_utils@1 to /home/tomast/.config/discord/0.0.98/modules/pending/discord_game_utils-1.zip: 19%
9/18/2025, 9:28:09 PM GMT+2 [Modules] Streaming discord_game_utils@1 to /home/tomast/.config/discord/0.0.98/modules/pending/discord_game_utils-1.zip: 20%
9/18/2025, 9:28:09 PM GMT+2 [Modules] Streaming discord_game_utils@1 to /home/tomast/.config/discord/0.0.98/modules/pending/discord_game_utils-1.zip: 21%
9/18/2025, 9:28:09 PM GMT+2 [Modules] Streaming discord_game_utils@1 to /home/tomast/.config/discord/0.0.98/modules/pending/discord_game_utils-1.zip: 22%
9/18/2025, 9:28:09 PM GMT+2 [Modules] Streaming discord_game_utils@1 to /home/tomast/.config/discord/0.0.98/modules/pending/discord_game_utils-1.zip: 23%
9/18/2025, 9:28:09 PM GMT+2 [Modules] Streaming discord_game_utils@1 to /home/tomast/.config/discord/0.0.98/modules/pending/discord_game_utils-1.zip: 24%
9/18/2025, 9:28:09 PM GMT+2 [Modules] Streaming discord_game_utils@1 to /home/tomast/.config/discord/0.0.98/modules/pending/discord_game_utils-1.zip: 25%
9/18/2025, 9:28:09 PM GMT+2 [Modules] Streaming discord_game_utils@1 to /home/tomast/.config/discord/0.0.98/modules/pending/discord_game_utils-1.zip: 26%
9/18/2025, 9:28:09 PM GMT+2 [Modules] Streaming discord_game_utils@1 to /home/tomast/.config/discord/0.0.98/modules/pending/discord_game_utils-1.zip: 27%
9/18/2025, 9:28:09 PM GMT+2 [Modules] Streaming discord_game_utils@1 to /home/tomast/.config/discord/0.0.98/modules/pending/discord_game_utils-1.zip: 28%
9/18/2025, 9:28:09 PM GMT+2 [Modules] Finished module installations. [success: 1] [failure: 0]
9/18/2025, 9:28:09 PM GMT+2 [Modules] Streaming discord_game_utils@1 to /home/tomast/.config/discord/0.0.98/modules/pending/discord_game_utils-1.zip: 29%
9/18/2025, 9:28:09 PM GMT+2 [Modules] Streaming discord_game_utils@1 to /home/tomast/.config/discord/0.0.98/modules/pending/discord_game_utils-1.zip: 30%
9/18/2025, 9:28:09 PM GMT+2 [Modules] Streaming discord_game_utils@1 to /home/tomast/.config/discord/0.0.98/modules/pending/discord_game_utils-1.zip: 31%
9/18/2025, 9:28:09 PM GMT+2 [Modules] Streaming discord_game_utils@1 to /home/tomast/.config/discord/0.0.98/modules/pending/discord_game_utils-1.zip: 32%
9/18/2025, 9:28:09 PM GMT+2 [Modules] Streaming discord_game_utils@1 to /home/tomast/.config/discord/0.0.98/modules/pending/discord_game_utils-1.zip: 33%
9/18/2025, 9:28:09 PM GMT+2 [Modules] Streaming discord_game_utils@1 to /home/tomast/.config/discord/0.0.98/modules/pending/discord_game_utils-1.zip: 34%
9/18/2025, 9:28:09 PM GMT+2 [Modules] Streaming discord_game_utils@1 to /home/tomast/.config/discord/0.0.98/modules/pending/discord_game_utils-1.zip: 35%
9/18/2025, 9:28:09 PM GMT+2 [Modules] Streaming discord_game_utils@1 to /home/tomast/.config/discord/0.0.98/modules/pending/discord_game_utils-1.zip: 36%
9/18/2025, 9:28:09 PM GMT+2 [Modules] Streaming discord_game_utils@1 to /home/tomast/.config/discord/0.0.98/modules/pending/discord_game_utils-1.zip: 37%
9/18/2025, 9:28:09 PM GMT+2 [Modules] Streaming discord_game_utils@1 to /home/tomast/.config/discord/0.0.98/modules/pending/discord_game_utils-1.zip: 38%
9/18/2025, 9:28:09 PM GMT+2 [Modules] Streaming discord_game_utils@1 to /home/tomast/.config/discord/0.0.98/modules/pending/discord_game_utils-1.zip: 39%
9/18/2025, 9:28:09 PM GMT+2 [Modules] Streaming discord_game_utils@1 to /home/tomast/.config/discord/0.0.98/modules/pending/discord_game_utils-1.zip: 41%
9/18/2025, 9:28:09 PM GMT+2 [Modules] Streaming discord_game_utils@1 to /home/tomast/.config/discord/0.0.98/modules/pending/discord_game_utils-1.zip: 42%
9/18/2025, 9:28:09 PM GMT+2 [Modules] Streaming discord_game_utils@1 to /home/tomast/.config/discord/0.0.98/modules/pending/discord_game_utils-1.zip: 43%
9/18/2025, 9:28:09 PM GMT+2 [Modules] Streaming discord_game_utils@1 to /home/tomast/.config/discord/0.0.98/modules/pending/discord_game_utils-1.zip: 44%
9/18/2025, 9:28:09 PM GMT+2 [Modules] Streaming discord_game_utils@1 to /home/tomast/.config/discord/0.0.98/modules/pending/discord_game_utils-1.zip: 45%
9/18/2025, 9:28:09 PM GMT+2 [Modules] Streaming discord_game_utils@1 to /home/tomast/.config/discord/0.0.98/modules/pending/discord_game_utils-1.zip: 46%
9/18/2025, 9:28:09 PM GMT+2 [Modules] Streaming discord_game_utils@1 to /home/tomast/.config/discord/0.0.98/modules/pending/discord_game_utils-1.zip: 47%
9/18/2025, 9:28:09 PM GMT+2 [Modules] Streaming discord_game_utils@1 to /home/tomast/.config/discord/0.0.98/modules/pending/discord_game_utils-1.zip: 48%
9/18/2025, 9:28:09 PM GMT+2 [Modules] Streaming discord_game_utils@1 to /home/tomast/.config/discord/0.0.98/modules/pending/discord_game_utils-1.zip: 49%
9/18/2025, 9:28:09 PM GMT+2 [Modules] Streaming discord_game_utils@1 to /home/tomast/.config/discord/0.0.98/modules/pending/discord_game_utils-1.zip: 50%
9/18/2025, 9:28:09 PM GMT+2 [Modules] Streaming discord_game_utils@1 to /home/tomast/.config/discord/0.0.98/modules/pending/discord_game_utils-1.zip: 51%
9/18/2025, 9:28:09 PM GMT+2 [Modules] Streaming discord_game_utils@1 to /home/tomast/.config/discord/0.0.98/modules/pending/discord_game_utils-1.zip: 52%
9/18/2025, 9:28:09 PM GMT+2 [Modules] Streaming discord_game_utils@1 to /home/tomast/.config/discord/0.0.98/modules/pending/discord_game_utils-1.zip: 53%
9/18/2025, 9:28:09 PM GMT+2 [Modules] Streaming discord_game_utils@1 to /home/tomast/.config/discord/0.0.98/modules/pending/discord_game_utils-1.zip: 54%
9/18/2025, 9:28:09 PM GMT+2 [Modules] Streaming discord_game_utils@1 to /home/tomast/.config/discord/0.0.98/modules/pending/discord_game_utils-1.zip: 55%
9/18/2025, 9:28:09 PM GMT+2 [Modules] Streaming discord_game_utils@1 to /home/tomast/.config/discord/0.0.98/modules/pending/discord_game_utils-1.zip: 56%
9/18/2025, 9:28:09 PM GMT+2 [Modules] Streaming discord_game_utils@1 to /home/tomast/.config/discord/0.0.98/modules/pending/discord_game_utils-1.zip: 57%
9/18/2025, 9:28:09 PM GMT+2 [Modules] Streaming discord_game_utils@1 to /home/tomast/.config/discord/0.0.98/modules/pending/discord_game_utils-1.zip: 59%
9/18/2025, 9:28:09 PM GMT+2 [Modules] Streaming discord_game_utils@1 to /home/tomast/.config/discord/0.0.98/modules/pending/discord_game_utils-1.zip: 60%
9/18/2025, 9:28:09 PM GMT+2 [Modules] Streaming discord_game_utils@1 to /home/tomast/.config/discord/0.0.98/modules/pending/discord_game_utils-1.zip: 63%
9/18/2025, 9:28:09 PM GMT+2 [Modules] Streaming discord_game_utils@1 to /home/tomast/.config/discord/0.0.98/modules/pending/discord_game_utils-1.zip: 68%
9/18/2025, 9:28:09 PM GMT+2 [Modules] Streaming discord_game_utils@1 to /home/tomast/.config/discord/0.0.98/modules/pending/discord_game_utils-1.zip: 71%
9/18/2025, 9:28:09 PM GMT+2 [Modules] Streaming discord_game_utils@1 to /home/tomast/.config/discord/0.0.98/modules/pending/discord_game_utils-1.zip: 73%
9/18/2025, 9:28:09 PM GMT+2 [Modules] Streaming discord_game_utils@1 to /home/tomast/.config/discord/0.0.98/modules/pending/discord_game_utils-1.zip: 74%
9/18/2025, 9:28:09 PM GMT+2 [Modules] Streaming discord_game_utils@1 to /home/tomast/.config/discord/0.0.98/modules/pending/discord_game_utils-1.zip: 75%
9/18/2025, 9:28:09 PM GMT+2 [Modules] Streaming discord_game_utils@1 to /home/tomast/.config/discord/0.0.98/modules/pending/discord_game_utils-1.zip: 76%
9/18/2025, 9:28:09 PM GMT+2 [Modules] Streaming discord_game_utils@1 to /home/tomast/.config/discord/0.0.98/modules/pending/discord_game_utils-1.zip: 77%
9/18/2025, 9:28:09 PM GMT+2 [Modules] Streaming discord_game_utils@1 to /home/tomast/.config/discord/0.0.98/modules/pending/discord_game_utils-1.zip: 78%
9/18/2025, 9:28:09 PM GMT+2 [Modules] Streaming discord_game_utils@1 to /home/tomast/.config/discord/0.0.98/modules/pending/discord_game_utils-1.zip: 79%
9/18/2025, 9:28:09 PM GMT+2 [Modules] Streaming discord_game_utils@1 to /home/tomast/.config/discord/0.0.98/modules/pending/discord_game_utils-1.zip: 80%
9/18/2025, 9:28:09 PM GMT+2 [Modules] Streaming discord_game_utils@1 to /home/tomast/.config/discord/0.0.98/modules/pending/discord_game_utils-1.zip: 81%
9/18/2025, 9:28:09 PM GMT+2 [Modules] Streaming discord_game_utils@1 to /home/tomast/.config/discord/0.0.98/modules/pending/discord_game_utils-1.zip: 82%
9/18/2025, 9:28:09 PM GMT+2 [Modules] Streaming discord_game_utils@1 to /home/tomast/.config/discord/0.0.98/modules/pending/discord_game_utils-1.zip: 83%
9/18/2025, 9:28:09 PM GMT+2 [Modules] Streaming discord_game_utils@1 to /home/tomast/.config/discord/0.0.98/modules/pending/discord_game_utils-1.zip: 84%
9/18/2025, 9:28:09 PM GMT+2 [Modules] Streaming discord_game_utils@1 to /home/tomast/.config/discord/0.0.98/modules/pending/discord_game_utils-1.zip: 85%
9/18/2025, 9:28:09 PM GMT+2 [Modules] Streaming discord_game_utils@1 to /home/tomast/.config/discord/0.0.98/modules/pending/discord_game_utils-1.zip: 86%
9/18/2025, 9:28:09 PM GMT+2 [Modules] Streaming discord_game_utils@1 to /home/tomast/.config/discord/0.0.98/modules/pending/discord_game_utils-1.zip: 87%
9/18/2025, 9:28:09 PM GMT+2 [Modules] Streaming discord_game_utils@1 to /home/tomast/.config/discord/0.0.98/modules/pending/discord_game_utils-1.zip: 88%
9/18/2025, 9:28:09 PM GMT+2 [Modules] Streaming discord_game_utils@1 to /home/tomast/.config/discord/0.0.98/modules/pending/discord_game_utils-1.zip: 89%
9/18/2025, 9:28:09 PM GMT+2 [Modules] Streaming discord_game_utils@1 to /home/tomast/.config/discord/0.0.98/modules/pending/discord_game_utils-1.zip: 90%
9/18/2025, 9:28:09 PM GMT+2 [Modules] Streaming discord_game_utils@1 to /home/tomast/.config/discord/0.0.98/modules/pending/discord_game_utils-1.zip: 91%
9/18/2025, 9:28:09 PM GMT+2 [Modules] Streaming discord_game_utils@1 to /home/tomast/.config/discord/0.0.98/modules/pending/discord_game_utils-1.zip: 93%
9/18/2025, 9:28:09 PM GMT+2 [Modules] Streaming discord_game_utils@1 to /home/tomast/.config/discord/0.0.98/modules/pending/discord_game_utils-1.zip: 94%
9/18/2025, 9:28:09 PM GMT+2 [Modules] Streaming discord_game_utils@1 to /home/tomast/.config/discord/0.0.98/modules/pending/discord_game_utils-1.zip: 95%
9/18/2025, 9:28:09 PM GMT+2 [Modules] Streaming discord_game_utils@1 to /home/tomast/.config/discord/0.0.98/modules/pending/discord_game_utils-1.zip: 96%
9/18/2025, 9:28:09 PM GMT+2 [Modules] Streaming discord_game_utils@1 to /home/tomast/.config/discord/0.0.98/modules/pending/discord_game_utils-1.zip: 97%
9/18/2025, 9:28:09 PM GMT+2 [Modules] Streaming discord_game_utils@1 to /home/tomast/.config/discord/0.0.98/modules/pending/discord_game_utils-1.zip: 98%
9/18/2025, 9:28:09 PM GMT+2 [Modules] Streaming discord_game_utils@1 to /home/tomast/.config/discord/0.0.98/modules/pending/discord_game_utils-1.zip: 99%
9/18/2025, 9:28:09 PM GMT+2 [Modules] Streaming discord_game_utils@1 to /home/tomast/.config/discord/0.0.98/modules/pending/discord_game_utils-1.zip: 100%
9/18/2025, 9:28:09 PM GMT+2 [Modules] Finished module downloads. [success: 2] [failure: 0]
9/18/2025, 9:28:09 PM GMT+2 [Modules] Installing discord_game_utils@1 from /home/tomast/.config/discord/0.0.98/modules/pending/discord_game_utils-1.zip
9/18/2025, 9:28:09 PM GMT+2 [Modules] Finished module installations. [success: 1] [failure: 0]
9/18/2025, 9:28:14 PM GMT+2 [Modules] Starting to install discord_rpc...
9/18/2025, 9:28:14 PM GMT+2 [Modules] Fetching discord_rpc@1 from https://discord.com/api/modules/stable/discord_rpc/1
9/18/2025, 9:28:14 PM GMT+2 [Modules] Streaming discord_rpc@1 to /home/tomast/.config/discord/0.0.98/modules/pending/discord_rpc-1.zip
9/18/2025, 9:28:15 PM GMT+2 [Modules] Streaming discord_rpc@1 to /home/tomast/.config/discord/0.0.98/modules/pending/discord_rpc-1.zip: 100%
9/18/2025, 9:28:15 PM GMT+2 [Modules] Finished module downloads. [success: 1] [failure: 0]
9/18/2025, 9:28:15 PM GMT+2 [Modules] Installing discord_rpc@1 from /home/tomast/.config/discord/0.0.98/modules/pending/discord_rpc-1.zip
9/18/2025, 9:28:15 PM GMT+2 [Modules] Finished module installations. [success: 1] [failure: 0]
9/18/2025, 10:25:40 PM GMT+2 [Modules] Host is up to date.
9/18/2025, 10:25:40 PM GMT+2 [Modules] Checking for module updates at https://discord.com/api/modules/stable/versions.json
9/18/2025, 10:25:41 PM GMT+2 [Modules] No module updates available.
9/18/2025, 10:28:20 PM GMT+2 [Modules] Modules initializing
9/18/2025, 10:28:20 PM GMT+2 [Modules] Distribution: remote
9/18/2025, 10:28:20 PM GMT+2 [Modules] Host updates: disabled
9/18/2025, 10:28:20 PM GMT+2 [Modules] Module updates: enabled
9/18/2025, 10:28:20 PM GMT+2 [Modules] Module install path: /home/tomast/.config/discord/0.0.98/modules
9/18/2025, 10:28:20 PM GMT+2 [Modules] Module installed file path: /home/tomast/.config/discord/0.0.98/modules/installed.json
9/18/2025, 10:28:20 PM GMT+2 [Modules] Module download path: /home/tomast/.config/discord/0.0.98/modules/pending
9/18/2025, 10:28:20 PM GMT+2 [Modules] No updates to install
9/18/2025, 10:28:20 PM GMT+2 [Modules] Host is up to date.
9/18/2025, 10:28:20 PM GMT+2 [Modules] Checking for module updates at https://discord.com/api/modules/stable/versions.json
9/18/2025, 10:28:20 PM GMT+2 [Modules] No module updates available.
9/18/2025, 10:28:26 PM GMT+2 [Modules] Host is up to date.
9/18/2025, 10:28:26 PM GMT+2 [Modules] Checking for module updates at https://discord.com/api/modules/stable/versions.json
9/18/2025, 10:28:26 PM GMT+2 [Modules] No module updates available.
9/18/2025, 10:28:47 PM GMT+2 [Modules] Modules initializing
9/18/2025, 10:28:47 PM GMT+2 [Modules] Distribution: remote
9/18/2025, 10:28:47 PM GMT+2 [Modules] Host updates: disabled
9/18/2025, 10:28:47 PM GMT+2 [Modules] Module updates: enabled
9/18/2025, 10:28:47 PM GMT+2 [Modules] Module install path: /home/tomast/.config/discord/0.0.98/modules
9/18/2025, 10:28:47 PM GMT+2 [Modules] Module installed file path: /home/tomast/.config/discord/0.0.98/modules/installed.json
9/18/2025, 10:28:47 PM GMT+2 [Modules] Module download path: /home/tomast/.config/discord/0.0.98/modules/pending
9/18/2025, 10:28:47 PM GMT+2 [Modules] No updates to install
9/18/2025, 10:28:47 PM GMT+2 [Modules] Host is up to date.
9/18/2025, 10:28:47 PM GMT+2 [Modules] Checking for module updates at https://discord.com/api/modules/stable/versions.json
9/18/2025, 10:28:47 PM GMT+2 [Modules] No module updates available.
